Archive member included because of file (symbol)

c:/devkitpro/MLlib/lib\libMLlib.a(ML_init.o)
                              main.o (ML_Init)
c:/devkitpro/MLlib/lib\libMLlib.a(ML_input.o)
                              c:/devkitpro/MLlib/lib\libMLlib.a(ML_init.o) (ML_InitPad)
c:/devkitpro/MLlib/lib\libMLlib.a(ML_mp3player.o)
                              main.o (ML_InitMP3)
c:/devkitpro/MLlib/lib\libMLlib.a(ML_time.o)
                              main.o (ML_InitRand)
c:/devkitpro/MLlib/lib\libMLlib.a(ML_video.o)
                              main.o (ML_LoadSpriteFromBuffer)
c:/devkitpro/MLlib/lib\libMLlib.a(ML_system.o)
                              c:/devkitpro/MLlib/lib\libMLlib.a(ML_video.o) (ML_CallbackForPowerAndReset)
c:/devkitpro/MLlib/lib\libMLlib.a(ML_sprites.o)
                              c:/devkitpro/MLlib/lib\libMLlib.a(ML_video.o) (_initSprite)
c:/devkitpro/MLlib/lib\libMLlib.a(ML_font.o)
                              c:/devkitpro/MLlib/lib\libMLlib.a(ML_system.o) (ML_QuitFont)
c:/devkitpro/MLlib/lib\libMLlib.a(ML_backgrounds.o)
                              c:/devkitpro/MLlib/lib\libMLlib.a(ML_video.o) (_initBackground)
c:/devkitpro/MLlib/lib\libMLlib.a(ML_images.o)
                              c:/devkitpro/MLlib/lib\libMLlib.a(ML_video.o) (_initImage)
c:/devkitpro/MLlib/lib\libMLlib.a(ML_math.o)
                              c:/devkitpro/MLlib/lib\libMLlib.a(ML_sprites.o) (ML_Distance)
c:/devkitpro/MLlib/lib\libMLlib.a(PNG.o)
                              c:/devkitpro/MLlib/lib\libMLlib.a(ML_video.o) (read_png_gx_file)
c:/devkitpro/MLlib/lib\libMLlib.a(globals.o)
                              c:/devkitpro/MLlib/lib\libMLlib.a(ML_init.o) (setAsnd)
c:/devkitpro/MLlib/lib\libMLlib.a(MLlib_SplashScreen.png.o)
                              c:/devkitpro/MLlib/lib\libMLlib.a(ML_video.o) (MLlib_SplashScreen_png)
c:/devkitpro/MLlib/lib\libMLlib.a(ML_draw.o)
                              c:/devkitpro/MLlib/lib\libMLlib.a(ML_video.o) (_PNGU_YCbYCr_TO_RGB8)
c:/devkitPro/libogc/lib/wii\libpng.a(png.o)
                              c:/devkitpro/MLlib/lib\libMLlib.a(PNG.o) (png_get_io_ptr)
c:/devkitPro/libogc/lib/wii\libpng.a(pngerror.o)
                              c:/devkitPro/libogc/lib/wii\libpng.a(png.o) (png_warning)
c:/devkitPro/libogc/lib/wii\libpng.a(pngget.o)
                              c:/devkitpro/MLlib/lib\libMLlib.a(PNG.o) (png_get_valid)
c:/devkitPro/libogc/lib/wii\libpng.a(pngmem.o)
                              c:/devkitPro/libogc/lib/wii\libpng.a(png.o) (png_free)
c:/devkitPro/libogc/lib/wii\libpng.a(pngread.o)
                              c:/devkitpro/MLlib/lib\libMLlib.a(PNG.o) (png_destroy_read_struct)
c:/devkitPro/libogc/lib/wii\libpng.a(pngrio.o)
                              c:/devkitpro/MLlib/lib\libMLlib.a(PNG.o) (png_set_read_fn)
c:/devkitPro/libogc/lib/wii\libpng.a(pngrtran.o)
                              c:/devkitPro/libogc/lib/wii\libpng.a(pngread.o) (png_set_strip_16)
c:/devkitPro/libogc/lib/wii\libpng.a(pngrutil.o)
                              c:/devkitPro/libogc/lib/wii\libpng.a(pngread.o) (png_get_uint_31)
c:/devkitPro/libogc/lib/wii\libpng.a(pngset.o)
                              c:/devkitPro/libogc/lib/wii\libpng.a(pngrutil.o) (png_set_oFFs)
c:/devkitPro/libogc/lib/wii\libpng.a(pngtrans.o)
                              c:/devkitPro/libogc/lib/wii\libpng.a(pngread.o) (png_set_bgr)
c:/devkitPro/libogc/lib/wii\libpng.a(pngwrite.o)
                              c:/devkitpro/MLlib/lib\libMLlib.a(ML_video.o) (png_destroy_write_struct)
c:/devkitPro/libogc/lib/wii\libpng.a(pngwtran.o)
                              c:/devkitPro/libogc/lib/wii\libpng.a(pngwrite.o) (png_do_write_intrapixel)
c:/devkitPro/libogc/lib/wii\libpng.a(pngwutil.o)
                              c:/devkitPro/libogc/lib/wii\libpng.a(pngwrite.o) (png_do_write_interlace)
c:/devkitPro/libogc/lib/wii\libpng.a(pngwio.o)
                              c:/devkitPro/libogc/lib/wii\libpng.a(pngwrite.o) (png_flush)
c:/devkitPro/libogc/lib/wii\libz.a(crc32.o)
                              c:/devkitPro/libogc/lib/wii\libpng.a(png.o) (crc32)
c:/devkitPro/libogc/lib/wii\libz.a(deflate.o)
                              c:/devkitPro/libogc/lib/wii\libpng.a(pngwrite.o) (deflateEnd)
c:/devkitPro/libogc/lib/wii\libz.a(trees.o)
                              c:/devkitPro/libogc/lib/wii\libz.a(deflate.o) (_tr_init)
c:/devkitPro/libogc/lib/wii\libz.a(zutil.o)
                              c:/devkitPro/libogc/lib/wii\libz.a(deflate.o) (zcfree)
c:/devkitPro/libogc/lib/wii\libz.a(inflate.o)
                              c:/devkitPro/libogc/lib/wii\libpng.a(png.o) (inflateReset)
c:/devkitPro/libogc/lib/wii\libz.a(inftrees.o)
                              c:/devkitPro/libogc/lib/wii\libz.a(inflate.o) (inflate_table)
c:/devkitPro/libogc/lib/wii\libz.a(inffast.o)
                              c:/devkitPro/libogc/lib/wii\libz.a(inflate.o) (inflate_fast)
c:/devkitPro/libogc/lib/wii\libz.a(adler32.o)
[...]
Memory Configuration

Name             Origin             Length             Attributes
*default*        0x00000000         0xffffffff

Linker script and memory map

                0x00003400                . = 0x3400

.stub
 *(.stub)
                0x80004000                . = 0x80004000

.init           0x80004000      0x194
 *crt0.o(*.init)
 .init          0x80004000      0x170 c:/devkitPro/libogc/lib/wii\libogc.a(ogc_crt0.o)
                0x80004000                _start
                0x80004140                _memset
 *(.init)
 .init          0x80004170        0xc c:/devkitpro/devkitppc/bin/../lib/gcc/powerpc-eabi/4.6.3/ecrti.o
                0x80004170                __init
 .init          0x8000417c        0x4 c:/devkitpro/devkitppc/bin/../lib/gcc/powerpc-eabi/4.6.3/crtbegin.o
 .init          0x80004180        0x4 c:/devkitpro/devkitppc/bin/../lib/gcc/powerpc-eabi/4.6.3/crtend.o
 .init          0x80004184       0x10 c:/devkitpro/devkitppc/bin/../lib/gcc/powerpc-eabi/4.6.3/ecrtn.o

.rela.dyn       0x80004194        0x0
 .rela.iplt     0x00000000        0x0 c:/devkitpro/devkitppc/bin/../lib/gcc/powerpc-eabi/4.6.3/crtbegin.o

.plt
 *(.plt)

.interp
 *(.interp)

.hash
 *(.hash)

.dynsym
 *(.dynsym)

.dynstr
 *(.dynstr)

.gnu.version
 *(.gnu.version)

.gnu.version_d
 *(.gnu.version_d)

.gnu.version_r
 *(.gnu.version_r)

.rel.init
 *(.rel.init)

.rela.init      0x80004194        0x0
 *(.rela.init)
 .rela.init     0x00000000        0x0 c:/devkitpro/devkitppc/bin/../lib/gcc/powerpc-eabi/4.6.3/crtbegin.o

.rel.text
 *(.rel.text .rel.text.* .rel.gnu.linkonce.t.*)

.rela.text      0x80004194        0x0
 *(.rela.text .rela.text.* .rela.gnu.linkonce.t.*)
 .rela.text     0x00000000        0x0 c:/devkitpro/devkitppc/bin/../lib/gcc/powerpc-eabi/4.6.3/crtbegin.o
 .rela.text.MK_LoadGfx
                0x00000000        0x0 c:/devkitpro/devkitppc/bin/../lib/gcc/powerpc-eabi/4.6.3/crtbegin.o
 .rela.text.ExitForTheGame
                0x00000000        0x0 c:/devkitpro/devkitppc/bin/../lib/gcc/powerpc-eabi/4.6.3/crtbegin.o
 .rela.text.CheckDragBlock
                0x00000000        0x0 c:/devkitpro/devkitppc/bin/../lib/gcc/powerpc-eabi/4.6.3/crtbegin.o
 .rela.text.PlaceToGrid
                0x00000000        0x0 c:/devkitpro/devkitppc/bin/../lib/gcc/powerpc-eabi/4.6.3/crtbegin.o
 .rela.text.DropBlock
                0x00000000        0x0 c:/devkitpro/devkitppc/bin/../lib/gcc/powerpc-eabi/4.6.3/crtbegin.o
 .rela.text.SetGrid
                0x00000000        0x0 c:/devkitpro/devkitppc/bin/../lib/gcc/powerpc-eabi/4.6.3/crtbegin.o
 .rela.text.SetGridWatered
                0x00000000        0x0 c:/devkitpro/devkitppc/bin/../lib/gcc/powerpc-eabi/4.6.3/crtbegin.o
 .rela.text.GetGridUsing
                0x00000000        0x0 c:/devkitpro/devkitppc/bin/../lib/gcc/powerpc-eabi/4.6.3/crtbegin.o
 .rela.text.GetGridType
                0x00000000        0x0 c:/devkitpro/devkitppc/bin/../lib/gcc/powerpc-eabi/4.6.3/crtbegin.o
 .rela.text.GetGridRot
                0x00000000        0x0 c:/devkitpro/devkitppc/bin/../lib/gcc/powerpc-eabi/4.6.3/crtbegin.o
 .rela.text.GetGridID
                0x00000000        0x0 c:/devkitpro/devkitppc/bin/../lib/gcc/powerpc-eabi/4.6.3/crtbegin.o
 .rela.text.GetGridWatered
                0x00000000        0x0 c:/devkitpro/devkitppc/bin/../lib/gcc/powerpc-eabi/4.6.3/crtbegin.o
 .rela.text.DeleteFromGrid
                0x00000000        0x0 c:/devkitpro/devkitppc/bin/../lib/gcc/powerpc-eabi/4.6.3/crtbegin.o
 .rela.text.DrawWaterBlocks
                0x00000000        0x0 c:/devkitpro/devkitppc/bin/../lib/gcc/powerpc-eabi/4.6.3/crtbegin.o
 .rela.text.MK_Cursor
                0x00000000        0x0 c:/devkitpro/devkitppc/bin/../lib/gcc/powerpc-eabi/4.6.3/crtbegin.o
 .rela.text.DrawBlocks
                0x00000000        0x0 c:/devkitpro/devkitppc/bin/../lib/gcc/powerpc-eabi/4.6.3/crtbegin.o
 .rela.text.PlayAnims
                0x00000000        0x0 c:/devkitpro/devkitppc/bin/../lib/gcc/powerpc-eabi/4.6.3/crtbegin.o
 .rela.text.SubWaterFlux
                0x00000000        0x0 c:/devkitpro/devkitppc/bin/../lib/gcc/powerpc-eabi/4.6.3/crtbegin.o
 .rela.text.WaterFlux
                0x00000000        0x0 c:/devkitpro/devkitppc/bin/../lib/gcc/powerpc-eabi/4.6.3/crtbegin.o
 .rela.text.ReInit
                0x00000000        0x0 c:/devkitpro/devkitppc/bin/../lib/gcc/powerpc-eabi/4.6.3/crtbegin.o
 .rela.text.TimeFuntion
                0x00000000        0x0 c:/devkitpro/devkitppc/bin/../lib/gcc/powerpc-eabi/4.6.3/crtbegin.o
 .rela.text.InitCreate
                0x00000000        0x0 c:/devkitpro/devkitppc/bin/../lib/gcc/powerpc-eabi/4.6.3/crtbegin.o
 .rela.text.Condition
                0x00000000        0x0 c:/devkitpro/devkitppc/bin/../lib/gcc/powerpc-eabi/4.6.3/crtbegin.o
 .rela.text.DropBlock2
                0x00000000        0x0 c:/devkitpro/devkitppc/bin/../lib/gcc/powerpc-eabi/4.6.3/crtbegin.o
 .rela.text.SetStart
                0x00000000        0x0 c:/devkitpro/devkitppc/bin/../lib/gcc/powerpc-eabi/4.6.3/crtbegin.o
 .rela.text.SetFinish
                0x00000000        0x0 c:/devkitpro/devkitppc/bin/../lib/gcc/powerpc-eabi/4.6.3/crtbegin.o
 .rela.text.SetBlock
                0x00000000        0x0 c:/devkitpro/devkitppc/bin/../lib/gcc/powerpc-eabi/4.6.3/crtbegin.o
 .rela.text.DrawLevel
                0x00000000        0x0 c:/devkitpro/devkitppc/bin/../lib/gcc/powerpc-eabi/4.6.3/crtbegin.o
 .rela.text.PlayCreate
                0x00000000        0x0 c:/devkitpro/devkitppc/bin/../lib/gcc/powerpc-eabi/4.6.3/crtbegin.o
 .rela.text.SelectMenu
                0x00000000        0x0 c:/devkitpro/devkitppc/bin/../lib/gcc/powerpc-eabi/4.6.3/crtbegin.o
 .rela.text.Anim4
                0x00000000        0x0 c:/devkitpro/devkitppc/bin/../lib/gcc/powerpc-eabi/4.6.3/crtbegin.o
 .rela.text.MainMenu
                0x00000000        0x0 c:/devkitpro/devkitppc/bin/../lib/gcc/powerpc-eabi/4.6.3/crtbegin.o
 .rela.text.InGame
                0x00000000        0x0 c:/devkitpro/devkitppc/bin/../lib/gcc/powerpc-eabi/4.6.3/crtbegin.o
 .rela.text.Anim5
                0x00000000        0x0 c:/devkitpro/devkitppc/bin/../lib/gcc/powerpc-eabi/4.6.3/crtbegin.o
 .rela.text.SelectSlot
                0x00000000        0x0 c:/devkitpro/devkitppc/bin/../lib/gcc/powerpc-eabi/4.6.3/crtbegin.o
 .rela.text.SelectSlot2
                0x00000000        0x0 c:/devkitpro/devkitppc/bin/../lib/gcc/powerpc-eabi/4.6.3/crtbegin.o
 .rela.text.WriteFAT
                0x00000000        0x0 c:/devkitpro/devkitppc/bin/../lib/gcc/powerpc-eabi/4.6.3/crtbegin.o
 .rela.text.ReadFAT
                0x00000000        0x0 c:/devkitpro/devkitppc/bin/../lib/gcc/powerpc-eabi/4.6.3/crtbegin.o
 .rela.text.DrawTitle
                0x00000000        0x0 c:/devkitpro/devkitppc/bin/../lib/gcc/powerpc-eabi/4.6.3/crtbegin.o
 .rela.text.Intro
                0x00000000        0x0 c:/devkitpro/devkitppc/bin/../lib/gcc/powerpc-eabi/4.6.3/crtbegin.o
 .rela.text.CreatingMenu
                0x00000000        0x0 c:/devkitpro/devkitppc/bin/../lib/gcc/powerpc-eabi/4.6.3/crtbegin.o
 .rela.text.ML_Init
                0x00000000        0x0 c:/devkitpro/devkitppc/bin/../lib/gcc/powerpc-eabi/4.6.3/crtbegin.o
 .rela.text.ML_InitConsoleMode
                0x00000000        0x0 c:/devkitpro/devkitppc/bin/../lib/gcc/powerpc-eabi/4.6.3/crtbegin.o
 .rela.text.ML_GetNunchuk
                0x00000000        0x0 c:/devkitpro/devkitppc/bin/../lib/gcc/powerpc-eabi/4.6.3/crtbegin.o
 .rela.text.ML_GetCPad
                0x00000000        0x0 c:/devkitpro/devkitppc/bin/../lib/gcc/powerpc-eabi/4.6.3/crtbegin.o
 .rela.text.ML_GetGuitar
                0x00000000        0x0 c:/devkitpro/devkitppc/bin/../lib/gcc/powerpc-eabi/4.6.3/crtbegin.o
 .rela.text.ML_GetPadsWii
                0x00000000        0x0 c:/devkitpro/devkitppc/bin/../lib/gcc/powerpc-eabi/4.6.3/crtbegin.o
 .rela.text.ML_GetPadsGC
                0x00000000        0x0 c:/devkitpro/devkitppc/bin/../lib/gcc/powerpc-eabi/4.6.3/crtbegin.o
 .rela.text._drawImage
                0x00000000        0x0 c:/devkitpro/devkitppc/bin/../lib/gcc/powerpc-eabi/4.6.3/crtbegin.o
 .rela.text.FreeTypeGX_copyTextureToFramebuffer
                0x00000000        0x0 c:/devkitpro/devkitppc/bin/../lib/gcc/powerpc-eabi/4.6.3/crtbegin.o
 .rela.text.FreeTypeGX_copyFeatureToFramebuffer
                0x00000000        0x0 c:/devkitpro/devkitppc/bin/../lib/gcc/powerpc-eabi/4.6.3/crtbegin.o
 .rela.text.ML_GX_Init
                0x00000000        0x0 c:/devkitpro/devkitppc/bin/../lib/gcc/powerpc-eabi/4.6.3/crtbegin.o
 .rela.text.ML_SplashScreen
                0x00000000        0x0 c:/devkitpro/devkitppc/bin/../lib/gcc/powerpc-eabi/4.6.3/crtbegin.o
 .rela.text.ML_MoveSpriteWiimotePad
                0x00000000        0x0 c:/devkitpro/devkitppc/bin/../lib/gcc/powerpc-eabi/4.6.3/crtbegin.o
 .rela.text.ML_MoveSpriteWiimoteIR
                0x00000000        0x0 c:/devkitpro/devkitppc/bin/../lib/gcc/powerpc-eabi/4.6.3/crtbegin.o
 .rela.text.ML_IsWiimoteInSprite
                0x00000000        0x0 c:/devkitpro/devkitppc/bin/../lib/gcc/powerpc-eabi/4.6.3/crtbegin.o
 .rela.text.ML_IsWiimoteInSpriteEx
                0x00000000        0x0 c:/devkitpro/devkitppc/bin/../lib/gcc/powerpc-eabi/4.6.3/crtbegin.o
 .rela.text.ML_Cursor
                0x00000000        0x0 c:/devkitpro/devkitppc/bin/../lib/gcc/powerpc-eabi/4.6.3/crtbegin.o
 .rela.text.deflate
                0x00000000        0x0 c:/devkitpro/devkitppc/bin/../lib/gcc/powerpc-eabi/4.6.3/crtbegin.o
 .rela.text.deflate_slow
                0x00000000        0x0 c:/devkitpro/devkitppc/bin/../lib/gcc/powerpc-eabi/4.6.3/crtbegin.o
 .rela.text.deflate_fast
                0x00000000        0x0 c:/devkitpro/devkitppc/bin/../lib/gcc/powerpc-eabi/4.6.3/crtbegin.o
 .rela.text.deflateInit2_
                0x00000000        0x0 c:/devkitpro/devkitppc/bin/../lib/gcc/powerpc-eabi/4.6.3/crtbegin.o
 .rela.text.wiiuse_handshake_expansion
                0x00000000        0x0 c:/devkitpro/devkitppc/bin/../lib/gcc/powerpc-eabi/4.6.3/crtbegin.o
 .rela.text.wiiuse_handshake
                0x00000000        0x0 c:/devkitpro/devkitppc/bin/../lib/gcc/powerpc-eabi/4.6.3/crtbegin.o
 .rela.text.wiiuse_init_cmd_queue
                0x00000000        0x0 c:/devkitpro/devkitppc/bin/../lib/gcc/powerpc-eabi/4.6.3/crtbegin.o
 .rela.text.wiiuse_init
                0x00000000        0x0 c:/devkitpro/devkitppc/bin/../lib/gcc/powerpc-eabi/4.6.3/crtbegin.o
 .rela.text.bt_alarmhandler
                0x00000000        0x0 c:/devkitpro/devkitppc/bin/../lib/gcc/powerpc-eabi/4.6.3/crtbegin.o
 .rela.text.fatUnmount
                0x00000000        0x0 c:/devkitpro/devkitppc/bin/../lib/gcc/powerpc-eabi/4.6.3/crtbegin.o
 .rela.text.fatInit
                0x00000000        0x0 c:/devkitpro/devkitppc/bin/../lib/gcc/powerpc-eabi/4.6.3/crtbegin.o
 .rela.text.fatGetVolumeLabel
                0x00000000        0x0 c:/devkitpro/devkitppc/bin/../lib/gcc/powerpc-eabi/4.6.3/crtbegin.o
 .rela.text._FAT_directory_entryGetAlias
                0x00000000        0x0 c:/devkitpro/devkitppc/bin/../lib/gcc/powerpc-eabi/4.6.3/crtbegin.o
 .rela.text.get_io_wiisd
                0x00000000        0x0 c:/devkitpro/devkitppc/bin/../lib/gcc/powerpc-eabi/4.6.3/crtbegin.o
 .rela.text.get_io_usbstorage
                0x00000000        0x0 c:/devkitpro/devkitppc/bin/../lib/gcc/powerpc-eabi/4.6.3/crtbegin.o
 .rela.text.get_io_gcsda
                0x00000000        0x0 c:/devkitpro/devkitppc/bin/../lib/gcc/powerpc-eabi/4.6.3/crtbegin.o
 .rela.text.get_io_gcsdb
                0x00000000        0x0 c:/devkitpro/devkitppc/bin/../lib/gcc/powerpc-eabi/4.6.3/crtbegin.o
 .rela.text.MP3Player_PlayBuffer
                0x00000000        0x0 c:/devkitpro/devkitppc/bin/../lib/gcc/powerpc-eabi/4.6.3/crtbegin.o
 .rela.text.III_decode
                0x00000000        0x0 c:/devkitpro/devkitppc/bin/../lib/gcc/powerpc-eabi/4.6.3/crtbegin.o
 .rela.text.__console_init
                0x00000000        0x0 c:/devkitpro/devkitppc/bin/../lib/gcc/powerpc-eabi/4.6.3/crtbegin.o
 .rela.text.__console_init_ex
                0x00000000        0x0 c:/devkitpro/devkitppc/bin/../lib/gcc/powerpc-eabi/4.6.3/crtbegin.o
 .rela.text.CON_EnableGecko
                0x00000000        0x0 c:/devkitpro/devkitppc/bin/../lib/gcc/powerpc-eabi/4.6.3/crtbegin.o
 .rela.text.__lwp_thread_calcheir
                0x00000000        0x0 c:/devkitpro/devkitppc/bin/../lib/gcc/powerpc-eabi/4.6.3/crtbegin.o
 .rela.text.__lwp_wd_insert_ticks.constprop.4
                0x00000000        0x0 c:/devkitpro/devkitppc/bin/../lib/gcc/powerpc-eabi/4.6.3/crtbegin.o
 .rela.text.__lwp_rotate_readyqueue
                0x00000000        0x0 c:/devkitpro/devkitppc/bin/../lib/gcc/powerpc-eabi/4.6.3/crtbegin.o
 .rela.text.__lwp_thread_setpriority
                0x00000000        0x0 c:/devkitpro/devkitppc/bin/../lib/gcc/powerpc-eabi/4.6.3/crtbegin.o
 .rela.text.__lwp_thread_close
                0x00000000        0x0 c:/devkitpro/devkitppc/bin/../lib/gcc/powerpc-eabi/4.6.3/crtbegin.o
 .rela.text.__lwp_thread_closeall
                0x00000000        0x0 c:/devkitpro/devkitppc/bin/../lib/gcc/powerpc-eabi/4.6.3/crtbegin.o
 .rela.text.__lwp_thread_startmultitasking
                0x00000000        0x0 c:/devkitpro/devkitppc/bin/../lib/gcc/powerpc-eabi/4.6.3/crtbegin.o
 .rela.text.__lwp_thread_stopmultitasking
                0x00000000        0x0 c:/devkitpro/devkitppc/bin/../lib/gcc/powerpc-eabi/4.6.3/crtbegin.o
 .rela.text.__lwp_thread_coreinit
                0x00000000        0x0 c:/devkitpro/devkitppc/bin/../lib/gcc/powerpc-eabi/4.6.3/crtbegin.o
 .rela.text.__lwp_cntrl_free
                0x00000000        0x0 c:/devkitpro/devkitppc/bin/../lib/gcc/powerpc-eabi/4.6.3/crtbegin.o
 .rela.text.__lwp_tqueue_open
                0x00000000        0x0 c:/devkitpro/devkitppc/bin/../lib/gcc/powerpc-eabi/4.6.3/crtbegin.o
 .rela.text.__lwp_cntrl_open
                0x00000000        0x0 c:/devkitpro/devkitppc/bin/../lib/gcc/powerpc-eabi/4.6.3/crtbegin.o
 .rela.text.__lwp_sysinit
                0x00000000        0x0 c:/devkitpro/devkitppc/bin/../lib/gcc/powerpc-eabi/4.6.3/crtbegin.o
 .rela.text.__lwp_thread_isalive
                0x00000000        0x0 c:/devkitpro/devkitppc/bin/../lib/gcc/powerpc-eabi/4.6.3/crtbegin.o
 .rela.text.__lwp_thread_exists
                0x00000000        0x0 c:/devkitpro/devkitppc/bin/../lib/gcc/powerpc-eabi/4.6.3/crtbegin.o
 .rela.text.__lwp_thread_context
                0x00000000        0x0 c:/devkitpro/devkitppc/bin/../lib/gcc/powerpc-eabi/4.6.3/crtbegin.o
 .rela.text.LWP_CreateThread
                0x00000000        0x0 c:/devkitpro/devkitppc/bin/../lib/gcc/powerpc-eabi/4.6.3/crtbegin.o
 .rela.text.LWP_InitQueue
                0x00000000        0x0 c:/devkitpro/devkitppc/bin/../lib/gcc/powerpc-eabi/4.6.3/crtbegin.o
 .rela.text.LWP_CloseQueue
                0x00000000        0x0 c:/devkitpro/devkitppc/bin/../lib/gcc/powerpc-eabi/4.6.3/crtbegin.o
 .rela.text.__lwp_stack_allocate
                0x00000000        0x0 c:/devkitpro/devkitppc/bin/../lib/gcc/powerpc-eabi/4.6.3/crtbegin.o
 .rela.text.__lwp_stack_free
                0x00000000        0x0 c:/devkitpro/devkitppc/bin/../lib/gcc/powerpc-eabi/4.6.3/crtbegin.o
 .rela.text.__lwp_watchdog_init
                0x00000000        0x0 c:/devkitpro/devkitppc/bin/../lib/gcc/powerpc-eabi/4.6.3/crtbegin.o
 .rela.text.__lwp_wd_tickle
                0x00000000        0x0 c:/devkitpro/devkitppc/bin/../lib/gcc/powerpc-eabi/4.6.3/crtbegin.o
 .rela.text.__lwp_wkspace_heapfree
                0x00000000        0x0 c:/devkitpro/devkitppc/bin/../lib/gcc/powerpc-eabi/4.6.3/crtbegin.o
 .rela.text.__lwp_wkspace_heapused
                0x00000000        0x0 c:/devkitpro/devkitppc/bin/../lib/gcc/powerpc-eabi/4.6.3/crtbegin.o
 .rela.text.__lwp_wkspace_init
                0x00000000        0x0 c:/devkitpro/devkitppc/bin/../lib/gcc/powerpc-eabi/4.6.3/crtbegin.o
 .rela.text.__lwp_objmgr_initinfo
                0x00000000        0x0 c:/devkitpro/devkitppc/bin/../lib/gcc/powerpc-eabi/4.6.3/crtbegin.o
 .rela.text.__irq_init
                0x00000000        0x0 c:/devkitpro/devkitppc/bin/../lib/gcc/powerpc-eabi/4.6.3/crtbegin.o
 .rela.text.__lwp_mutex_locksupp.constprop.7
                0x00000000        0x0 c:/devkitpro/devkitppc/bin/../lib/gcc/powerpc-eabi/4.6.3/crtbegin.o
 .rela.text.__lwp_mutex_init
                0x00000000        0x0 c:/devkitpro/devkitppc/bin/../lib/gcc/powerpc-eabi/4.6.3/crtbegin.o
 .rela.text.LWP_MutexInit
                0x00000000        0x0 c:/devkitpro/devkitppc/bin/../lib/gcc/powerpc-eabi/4.6.3/crtbegin.o
 .rela.text.LWP_MutexDestroy
                0x00000000        0x0 c:/devkitpro/devkitppc/bin/../lib/gcc/powerpc-eabi/4.6.3/crtbegin.o
 .rela.text.LWP_MutexUnlock
                0x00000000        0x0 c:/devkitpro/devkitppc/bin/../lib/gcc/powerpc-eabi/4.6.3/crtbegin.o
 .rela.text.__call_resetfuncs
                0x00000000        0x0 c:/devkitpro/devkitppc/bin/../lib/gcc/powerpc-eabi/4.6.3/crtbegin.o
 .rela.text.__locksram
                0x00000000        0x0 c:/devkitpro/devkitppc/bin/../lib/gcc/powerpc-eabi/4.6.3/crtbegin.o
 .rela.text.__lwp_wd_insert_ticks
                0x00000000        0x0 c:/devkitpro/devkitppc/bin/../lib/gcc/powerpc-eabi/4.6.3/crtbegin.o
 .rela.text.__unlocksram
                0x00000000        0x0 c:/devkitpro/devkitppc/bin/../lib/gcc/powerpc-eabi/4.6.3/crtbegin.o
 .rela.text.__sram_writecallback
                0x00000000        0x0 c:/devkitpro/devkitppc/bin/../lib/gcc/powerpc-eabi/4.6.3/crtbegin.o
 .rela.text.__sram_init
                0x00000000        0x0 c:/devkitpro/devkitppc/bin/../lib/gcc/powerpc-eabi/4.6.3/crtbegin.o
 .rela.text.__SYS_SyncSram
                0x00000000        0x0 c:/devkitpro/devkitppc/bin/../lib/gcc/powerpc-eabi/4.6.3/crtbegin.o
 .rela.text.SYS_Init
                0x00000000        0x0 c:/devkitpro/devkitppc/bin/../lib/gcc/powerpc-eabi/4.6.3/crtbegin.o
 .rela.text.SYS_RemoveAlarm
                0x00000000        0x0 c:/devkitpro/devkitppc/bin/../lib/gcc/powerpc-eabi/4.6.3/crtbegin.o
 .rela.text.SYS_CancelAlarm
                0x00000000        0x0 c:/devkitpro/devkitppc/bin/../lib/gcc/powerpc-eabi/4.6.3/crtbegin.o
 .rela.text.__lwp_cond_open
                0x00000000        0x0 c:/devkitpro/devkitppc/bin/../lib/gcc/powerpc-eabi/4.6.3/crtbegin.o
 .rela.text.__lwp_cond_init
                0x00000000        0x0 c:/devkitpro/devkitppc/bin/../lib/gcc/powerpc-eabi/4.6.3/crtbegin.o
 .rela.text.LWP_CondInit
                0x00000000        0x0 c:/devkitpro/devkitppc/bin/../lib/gcc/powerpc-eabi/4.6.3/crtbegin.o
 .rela.text.LWP_CondDestroy
                0x00000000        0x0 c:/devkitpro/devkitppc/bin/../lib/gcc/powerpc-eabi/4.6.3/crtbegin.o
 .rela.text.__GX_FifoLink
                0x00000000        0x0 c:/devkitpro/devkitppc/bin/../lib/gcc/powerpc-eabi/4.6.3/crtbegin.o
 .rela.text.__GX_WriteFifoIntEnable
                0x00000000        0x0 c:/devkitpro/devkitppc/bin/../lib/gcc/powerpc-eabi/4.6.3/crtbegin.o
 .rela.text.__GX_FifoReadEnable
                0x00000000        0x0 c:/devkitpro/devkitppc/bin/../lib/gcc/powerpc-eabi/4.6.3/crtbegin.o
 .rela.text.__GX_FifoReadDisable
                0x00000000        0x0 c:/devkitpro/devkitppc/bin/../lib/gcc/powerpc-eabi/4.6.3/crtbegin.o
 .rela.text.__GX_InitRevBits
                0x00000000        0x0 c:/devkitpro/devkitppc/bin/../lib/gcc/powerpc-eabi/4.6.3/crtbegin.o
 .rela.text.__GXDefTexRegionCallback
                0x00000000        0x0 c:/devkitpro/devkitppc/bin/../lib/gcc/powerpc-eabi/4.6.3/crtbegin.o
 .rela.text.__GXDefTlutRegionCallback
                0x00000000        0x0 c:/devkitpro/devkitppc/bin/../lib/gcc/powerpc-eabi/4.6.3/crtbegin.o
 .rela.text.__GX_FlushTextureState
                0x00000000        0x0 c:/devkitpro/devkitppc/bin/../lib/gcc/powerpc-eabi/4.6.3/crtbegin.o
 .rela.text.__SetSURegs
                0x00000000        0x0 c:/devkitpro/devkitppc/bin/../lib/gcc/powerpc-eabi/4.6.3/crtbegin.o
 .rela.text.__SETVCDFMT
                0x00000000        0x0 c:/devkitpro/devkitppc/bin/../lib/gcc/powerpc-eabi/4.6.3/crtbegin.o
 .rela.text.__GX_SetMatrixIndex
                0x00000000        0x0 c:/devkitpro/devkitppc/bin/../lib/gcc/powerpc-eabi/4.6.3/crtbegin.o
 .rela.text.__GX_SetDirtyState
                0x00000000        0x0 c:/devkitpro/devkitppc/bin/../lib/gcc/powerpc-eabi/4.6.3/crtbegin.o
 .rela.text.__SETVCDATTR
                0x00000000        0x0 c:/devkitpro/devkitppc/bin/../lib/gcc/powerpc-eabi/4.6.3/crtbegin.o
 .rela.text.__GX_WriteFifoIntReset.constprop.6
                0x00000000        0x0 c:/devkitpro/devkitppc/bin/../lib/gcc/powerpc-eabi/4.6.3/crtbegin.o
 .rela.text.__GXCPInterruptHandler
                0x00000000        0x0 c:/devkitpro/devkitppc/bin/../lib/gcc/powerpc-eabi/4.6.3/crtbegin.o
 .rela.text.GX_Flush
                0x00000000        0x0 c:/devkitpro/devkitppc/bin/../lib/gcc/powerpc-eabi/4.6.3/crtbegin.o
 .rela.text.GX_EnableBreakPt
                0x00000000        0x0 c:/devkitpro/devkitppc/bin/../lib/gcc/powerpc-eabi/4.6.3/crtbegin.o
 .rela.text.GX_DisableBreakPt
                0x00000000        0x0 c:/devkitpro/devkitppc/bin/../lib/gcc/powerpc-eabi/4.6.3/crtbegin.o
 .rela.text.GX_AbortFrame
                0x00000000        0x0 c:/devkitpro/devkitppc/bin/../lib/gcc/powerpc-eabi/4.6.3/crtbegin.o
 .rela.text.GX_PixModeSync
                0x00000000        0x0 c:/devkitpro/devkitppc/bin/../lib/gcc/powerpc-eabi/4.6.3/crtbegin.o
 .rela.text.GX_SetMisc
                0x00000000        0x0 c:/devkitpro/devkitppc/bin/../lib/gcc/powerpc-eabi/4.6.3/crtbegin.o
 .rela.text.GX_SetCopyClamp
                0x00000000        0x0 c:/devkitpro/devkitppc/bin/../lib/gcc/powerpc-eabi/4.6.3/crtbegin.o
 .rela.text.GX_SetDispCopyGamma
                0x00000000        0x0 c:/devkitpro/devkitppc/bin/../lib/gcc/powerpc-eabi/4.6.3/crtbegin.o
 .rela.text.GX_SetDispCopyFrame2Field
                0x00000000        0x0 c:/devkitpro/devkitppc/bin/../lib/gcc/powerpc-eabi/4.6.3/crtbegin.o
 .rela.text.GX_SetDispCopyYScale
                0x00000000        0x0 c:/devkitpro/devkitppc/bin/../lib/gcc/powerpc-eabi/4.6.3/crtbegin.o
 .rela.text.GX_SetDispCopyDst
                0x00000000        0x0 c:/devkitpro/devkitppc/bin/../lib/gcc/powerpc-eabi/4.6.3/crtbegin.o
 .rela.text.GX_SetDispCopySrc
                0x00000000        0x0 c:/devkitpro/devkitppc/bin/../lib/gcc/powerpc-eabi/4.6.3/crtbegin.o
 .rela.text.GX_CopyDisp
                0x00000000        0x0 c:/devkitpro/devkitppc/bin/../lib/gcc/powerpc-eabi/4.6.3/crtbegin.o
 .rela.text.GX_CopyTex
                0x00000000        0x0 c:/devkitpro/devkitppc/bin/../lib/gcc/powerpc-eabi/4.6.3/crtbegin.o
 .rela.text.GX_SetTexCopySrc
                0x00000000        0x0 c:/devkitpro/devkitppc/bin/../lib/gcc/powerpc-eabi/4.6.3/crtbegin.o
 .rela.text.GX_SetTexCopyDst
                0x00000000        0x0 c:/devkitpro/devkitppc/bin/../lib/gcc/powerpc-eabi/4.6.3/crtbegin.o
 .rela.text.GX_BeginDispList
                0x00000000        0x0 c:/devkitpro/devkitppc/bin/../lib/gcc/powerpc-eabi/4.6.3/crtbegin.o
 .rela.text.GX_EndDispList
                0x00000000        0x0 c:/devkitpro/devkitppc/bin/../lib/gcc/powerpc-eabi/4.6.3/crtbegin.o
 .rela.text.GX_CallDispList
                0x00000000        0x0 c:/devkitpro/devkitppc/bin/../lib/gcc/powerpc-eabi/4.6.3/crtbegin.o
 .rela.text.GX_SetChanCtrl
                0x00000000        0x0 c:/devkitpro/devkitppc/bin/../lib/gcc/powerpc-eabi/4.6.3/crtbegin.o
 .rela.text.GX_SetChanAmbColor
                0x00000000        0x0 c:/devkitpro/devkitppc/bin/../lib/gcc/powerpc-eabi/4.6.3/crtbegin.o
 .rela.text.GX_SetChanMatColor
                0x00000000        0x0 c:/devkitpro/devkitppc/bin/../lib/gcc/powerpc-eabi/4.6.3/crtbegin.o
 .rela.text.GX_SetVtxDesc
                0x00000000        0x0 c:/devkitpro/devkitppc/bin/../lib/gcc/powerpc-eabi/4.6.3/crtbegin.o
 .rela.text.GX_SetVtxDescv
                0x00000000        0x0 c:/devkitpro/devkitppc/bin/../lib/gcc/powerpc-eabi/4.6.3/crtbegin.o
 .rela.text.GX_GetVtxDescv
                0x00000000        0x0 c:/devkitpro/devkitppc/bin/../lib/gcc/powerpc-eabi/4.6.3/crtbegin.o
 .rela.text.GX_SetVtxAttrFmt
                0x00000000        0x0 c:/devkitpro/devkitppc/bin/../lib/gcc/powerpc-eabi/4.6.3/crtbegin.o
 .rela.text.GX_SetVtxAttrFmtv
                0x00000000        0x0 c:/devkitpro/devkitppc/bin/../lib/gcc/powerpc-eabi/4.6.3/crtbegin.o
 .rela.text.GX_Begin
                0x00000000        0x0 c:/devkitpro/devkitppc/bin/../lib/gcc/powerpc-eabi/4.6.3/crtbegin.o
 .rela.text.GX_SetTexCoordGen2
                0x00000000        0x0 c:/devkitpro/devkitppc/bin/../lib/gcc/powerpc-eabi/4.6.3/crtbegin.o
 .rela.text.GX_SetCurrentMtx
                0x00000000        0x0 c:/devkitpro/devkitppc/bin/../lib/gcc/powerpc-eabi/4.6.3/crtbegin.o
 .rela.text.GX_SetNumTexGens
                0x00000000        0x0 c:/devkitpro/devkitppc/bin/../lib/gcc/powerpc-eabi/4.6.3/crtbegin.o
 .rela.text.GX_SetZMode
                0x00000000        0x0 c:/devkitpro/devkitppc/bin/../lib/gcc/powerpc-eabi/4.6.3/crtbegin.o
 .rela.text.GX_LoadTexObjPreloaded
                0x00000000        0x0 c:/devkitpro/devkitppc/bin/../lib/gcc/powerpc-eabi/4.6.3/crtbegin.o
 .rela.text.GX_SetTexCoordScaleManually
                0x00000000        0x0 c:/devkitpro/devkitppc/bin/../lib/gcc/powerpc-eabi/4.6.3/crtbegin.o
 .rela.text.GX_SetTexCoordCylWrap
                0x00000000        0x0 c:/devkitpro/devkitppc/bin/../lib/gcc/powerpc-eabi/4.6.3/crtbegin.o
 .rela.text.GX_SetTexCoordBias
                0x00000000        0x0 c:/devkitpro/devkitppc/bin/../lib/gcc/powerpc-eabi/4.6.3/crtbegin.o
 .rela.text.GX_SetBlendMode
                0x00000000        0x0 c:/devkitpro/devkitppc/bin/../lib/gcc/powerpc-eabi/4.6.3/crtbegin.o
 .rela.text.GX_ClearVtxDesc
                0x00000000        0x0 c:/devkitpro/devkitppc/bin/../lib/gcc/powerpc-eabi/4.6.3/crtbegin.o
 .rela.text.GX_SetLineWidth
                0x00000000        0x0 c:/devkitpro/devkitppc/bin/../lib/gcc/powerpc-eabi/4.6.3/crtbegin.o
 .rela.text.GX_SetPointSize
                0x00000000        0x0 c:/devkitpro/devkitppc/bin/../lib/gcc/powerpc-eabi/4.6.3/crtbegin.o
 .rela.text.GX_SetTevColorIn
                0x00000000        0x0 c:/devkitpro/devkitppc/bin/../lib/gcc/powerpc-eabi/4.6.3/crtbegin.o
 .rela.text.GX_SetTevAlphaIn
                0x00000000        0x0 c:/devkitpro/devkitppc/bin/../lib/gcc/powerpc-eabi/4.6.3/crtbegin.o
 .rela.text.GX_SetTevColorOp
                0x00000000        0x0 c:/devkitpro/devkitppc/bin/../lib/gcc/powerpc-eabi/4.6.3/crtbegin.o
 .rela.text.GX_SetTevAlphaOp
                0x00000000        0x0 c:/devkitpro/devkitppc/bin/../lib/gcc/powerpc-eabi/4.6.3/crtbegin.o
 .rela.text.GX_SetCullMode
                0x00000000        0x0 c:/devkitpro/devkitppc/bin/../lib/gcc/powerpc-eabi/4.6.3/crtbegin.o
 .rela.text.GX_SetCoPlanar
                0x00000000        0x0 c:/devkitpro/devkitppc/bin/../lib/gcc/powerpc-eabi/4.6.3/crtbegin.o
 .rela.text.GX_EnableTexOffsets
                0x00000000        0x0 c:/devkitpro/devkitppc/bin/../lib/gcc/powerpc-eabi/4.6.3/crtbegin.o
 .rela.text.GX_SetScissor
                0x00000000        0x0 c:/devkitpro/devkitppc/bin/../lib/gcc/powerpc-eabi/4.6.3/crtbegin.o
 .rela.text.GX_SetNumChans
                0x00000000        0x0 c:/devkitpro/devkitppc/bin/../lib/gcc/powerpc-eabi/4.6.3/crtbegin.o
 .rela.text.GX_SetTevOrder
                0x00000000        0x0 c:/devkitpro/devkitppc/bin/../lib/gcc/powerpc-eabi/4.6.3/crtbegin.o
 .rela.text.GX_SetNumTevStages
                0x00000000        0x0 c:/devkitpro/devkitppc/bin/../lib/gcc/powerpc-eabi/4.6.3/crtbegin.o
 .rela.text.GX_SetTevKColorSel
                0x00000000        0x0 c:/devkitpro/devkitppc/bin/../lib/gcc/powerpc-eabi/4.6.3/crtbegin.o
 .rela.text.GX_SetTevKAlphaSel
                0x00000000        0x0 c:/devkitpro/devkitppc/bin/../lib/gcc/powerpc-eabi/4.6.3/crtbegin.o
 .rela.text.GX_SetTevSwapMode
                0x00000000        0x0 c:/devkitpro/devkitppc/bin/../lib/gcc/powerpc-eabi/4.6.3/crtbegin.o
 .rela.text.GX_SetTevSwapModeTable
                0x00000000        0x0 c:/devkitpro/devkitppc/bin/../lib/gcc/powerpc-eabi/4.6.3/crtbegin.o
 .rela.text.GX_SetNumIndStages
                0x00000000        0x0 c:/devkitpro/devkitppc/bin/../lib/gcc/powerpc-eabi/4.6.3/crtbegin.o
 .rela.text.GX_SetIndTexCoordScale
                0x00000000        0x0 c:/devkitpro/devkitppc/bin/../lib/gcc/powerpc-eabi/4.6.3/crtbegin.o
 .rela.text.GX_SetColorUpdate
                0x00000000        0x0 c:/devkitpro/devkitppc/bin/../lib/gcc/powerpc-eabi/4.6.3/crtbegin.o
 .rela.text.GX_SetAlphaUpdate
                0x00000000        0x0 c:/devkitpro/devkitppc/bin/../lib/gcc/powerpc-eabi/4.6.3/crtbegin.o
 .rela.text.GX_SetZCompLoc
                0x00000000        0x0 c:/devkitpro/devkitppc/bin/../lib/gcc/powerpc-eabi/4.6.3/crtbegin.o
 .rela.text.GX_SetPixelFmt
                0x00000000        0x0 c:/devkitpro/devkitppc/bin/../lib/gcc/powerpc-eabi/4.6.3/crtbegin.o
 .rela.text.GX_SetDither
                0x00000000        0x0 c:/devkitpro/devkitppc/bin/../lib/gcc/powerpc-eabi/4.6.3/crtbegin.o
 .rela.text.GX_SetDstAlpha
                0x00000000        0x0 c:/devkitpro/devkitppc/bin/../lib/gcc/powerpc-eabi/4.6.3/crtbegin.o
 .rela.text.GX_SetFieldMode
                0x00000000        0x0 c:/devkitpro/devkitppc/bin/../lib/gcc/powerpc-eabi/4.6.3/crtbegin.o
 .rela.text.GX_SetIndTexOrder
                0x00000000        0x0 c:/devkitpro/devkitppc/bin/../lib/gcc/powerpc-eabi/4.6.3/crtbegin.o
 .rela.text.GX_SetGPMetric
                0x00000000        0x0 c:/devkitpro/devkitppc/bin/../lib/gcc/powerpc-eabi/4.6.3/crtbegin.o
 .rela.text.GX_Init
                0x00000000        0x0 c:/devkitpro/devkitppc/bin/../lib/gcc/powerpc-eabi/4.6.3/crtbegin.o
 .rela.text.GX_ReadGPMetric
                0x00000000        0x0 c:/devkitpro/devkitppc/bin/../lib/gcc/powerpc-eabi/4.6.3/crtbegin.o
 .rela.text.c_decrementer_handler
                0x00000000        0x0 c:/devkitpro/devkitppc/bin/../lib/gcc/powerpc-eabi/4.6.3/crtbegin.o
 .rela.text.__lwp_mqbox_free
                0x00000000        0x0 c:/devkitpro/devkitppc/bin/../lib/gcc/powerpc-eabi/4.6.3/crtbegin.o
 .rela.text.__lwp_mqbox_open
                0x00000000        0x0 c:/devkitpro/devkitppc/bin/../lib/gcc/powerpc-eabi/4.6.3/crtbegin.o
 .rela.text.__lwp_mqbox_init
                0x00000000        0x0 c:/devkitpro/devkitppc/bin/../lib/gcc/powerpc-eabi/4.6.3/crtbegin.o
 .rela.text.MQ_Init
                0x00000000        0x0 c:/devkitpro/devkitppc/bin/../lib/gcc/powerpc-eabi/4.6.3/crtbegin.o
 .rela.text.__ios_ioctlvformat_parse
                0x00000000        0x0 c:/devkitpro/devkitppc/bin/../lib/gcc/powerpc-eabi/4.6.3/crtbegin.o
 .rela.text.__ioctlvfmtCB
                0x00000000        0x0 c:/devkitpro/devkitppc/bin/../lib/gcc/powerpc-eabi/4.6.3/crtbegin.o
 .rela.text.IOS_IoctlvFormat
                0x00000000        0x0 c:/devkitpro/devkitppc/bin/../lib/gcc/powerpc-eabi/4.6.3/crtbegin.o
 .rela.text.IOS_IoctlvFormatAsync
                0x00000000        0x0 c:/devkitpro/devkitppc/bin/../lib/gcc/powerpc-eabi/4.6.3/crtbegin.o
 .rela.text.nanosleep
                0x00000000        0x0 c:/devkitpro/devkitppc/bin/../lib/gcc/powerpc-eabi/4.6.3/crtbegin.o
 .rela.text.__libc_delete_hook
                0x00000000        0x0 c:/devkitpro/devkitppc/bin/../lib/gcc/powerpc-eabi/4.6.3/crtbegin.o
 .rela.text.__libc_init
                0x00000000        0x0 c:/devkitpro/devkitppc/bin/../lib/gcc/powerpc-eabi/4.6.3/crtbegin.o
 .rela.text.__libc_wrapup
                0x00000000        0x0 c:/devkitpro/devkitppc/bin/../lib/gcc/powerpc-eabi/4.6.3/crtbegin.o
 .rela.text.__CheckARGV
                0x00000000        0x0 c:/devkitpro/devkitppc/bin/../lib/gcc/powerpc-eabi/4.6.3/crtbegin.o
 .rela.text.__lwp_priority_init
                0x00000000        0x0 c:/devkitpro/devkitppc/bin/../lib/gcc/powerpc-eabi/4.6.3/crtbegin.o
 .rela.text.__lwp_wd_remove_ticks
                0x00000000        0x0 c:/devkitpro/devkitppc/bin/../lib/gcc/powerpc-eabi/4.6.3/crtbegin.o
 .rela.text.__lwp_threadqueue_enqueue
                0x00000000        0x0 c:/devkitpro/devkitppc/bin/../lib/gcc/powerpc-eabi/4.6.3/crtbegin.o
 .rela.text.__lwpmq_initialize
                0x00000000        0x0 c:/devkitpro/devkitppc/bin/../lib/gcc/powerpc-eabi/4.6.3/crtbegin.o
 .rela.text.__lwpmq_close
                0x00000000        0x0 c:/devkitpro/devkitppc/bin/../lib/gcc/powerpc-eabi/4.6.3/crtbegin.o
 .rela.text.__systemcall_init
                0x00000000        0x0 c:/devkitpro/devkitppc/bin/../lib/gcc/powerpc-eabi/4.6.3/crtbegin.o
 .rela.text.__exception_init
                0x00000000        0x0 c:/devkitpro/devkitppc/bin/../lib/gcc/powerpc-eabi/4.6.3/crtbegin.o
 .rela.text.__exception_close
                0x00000000        0x0 c:/devkitpro/devkitppc/bin/../lib/gcc/powerpc-eabi/4.6.3/crtbegin.o
 .rela.text.__exception_sethandler
                0x00000000        0x0 c:/devkitpro/devkitppc/bin/../lib/gcc/powerpc-eabi/4.6.3/crtbegin.o
 .rela.text.__lwp_sema_open
                0x00000000        0x0 c:/devkitpro/devkitppc/bin/../lib/gcc/powerpc-eabi/4.6.3/crtbegin.o
 .rela.text.__lwp_sema_init
                0x00000000        0x0 c:/devkitpro/devkitppc/bin/../lib/gcc/powerpc-eabi/4.6.3/crtbegin.o
 .rela.text.LWP_SemInit
                0x00000000        0x0 c:/devkitpro/devkitppc/bin/../lib/gcc/powerpc-eabi/4.6.3/crtbegin.o
 .rela.text.LWP_SemDestroy
                0x00000000        0x0 c:/devkitpro/devkitppc/bin/../lib/gcc/powerpc-eabi/4.6.3/crtbegin.o
 .rela.text.kprintf
                0x00000000        0x0 c:/devkitpro/devkitppc/bin/../lib/gcc/powerpc-eabi/4.6.3/crtbegin.o
 .rela.text.__card_readcid
                0x00000000        0x0 c:/devkitpro/devkitppc/bin/../lib/gcc/powerpc-eabi/4.6.3/crtbegin.o
 .rela.text.__card_readcsd
                0x00000000        0x0 c:/devkitpro/devkitppc/bin/../lib/gcc/powerpc-eabi/4.6.3/crtbegin.o
 .rela.text.__card_sd_status
                0x00000000        0x0 c:/devkitpro/devkitppc/bin/../lib/gcc/powerpc-eabi/4.6.3/crtbegin.o
 .rela.text.sdgecko_initIO
                0x00000000        0x0 c:/devkitpro/devkitppc/bin/../lib/gcc/powerpc-eabi/4.6.3/crtbegin.o
 .rela.text.atangent
                0x00000000        0x0 c:/devkitpro/devkitppc/bin/../lib/gcc/powerpc-eabi/4.6.3/crtbegin.o
 .rela.text.atangentf
                0x00000000        0x0 c:/devkitpro/devkitppc/bin/../lib/gcc/powerpc-eabi/4.6.3/crtbegin.o
 .rela.text.sinef
                0x00000000        0x0 c:/devkitpro/devkitppc/bin/../lib/gcc/powerpc-eabi/4.6.3/crtbegin.o
 .rela.text.sqrtf
                0x00000000        0x0 c:/devkitpro/devkitppc/bin/../lib/gcc/powerpc-eabi/4.6.3/crtbegin.o
 .rela.text.tanf
                0x00000000        0x0 c:/devkitpro/devkitppc/bin/../lib/gcc/powerpc-eabi/4.6.3/crtbegin.o
 .rela.text.calloc
                0x00000000        0x0 c:/devkitpro/devkitppc/bin/../lib/gcc/powerpc-eabi/4.6.3/crtbegin.o
 .rela.text.__errno
                0x00000000        0x0 c:/devkitpro/devkitppc/bin/../lib/gcc/powerpc-eabi/4.6.3/crtbegin.o
 .rela.text.exit
                0x00000000        0x0 c:/devkitpro/devkitppc/bin/../lib/gcc/powerpc-eabi/4.6.3/crtbegin.o
 .rela.text.fclose
                0x00000000        0x0 c:/devkitpro/devkitppc/bin/../lib/gcc/powerpc-eabi/4.6.3/crtbegin.o
 .rela.text.fflush
                0x00000000        0x0 c:/devkitpro/devkitppc/bin/../lib/gcc/powerpc-eabi/4.6.3/crtbegin.o
 .rela.text.std.isra.0
                0x00000000        0x0 c:/devkitpro/devkitppc/bin/../lib/gcc/powerpc-eabi/4.6.3/crtbegin.o
 .rela.text._cleanup
                0x00000000        0x0 c:/devkitpro/devkitppc/bin/../lib/gcc/powerpc-eabi/4.6.3/crtbegin.o
 .rela.text.__sfp
                0x00000000        0x0 c:/devkitpro/devkitppc/bin/../lib/gcc/powerpc-eabi/4.6.3/crtbegin.o
 .rela.text.__fp_lock_all
                0x00000000        0x0 c:/devkitpro/devkitppc/bin/../lib/gcc/powerpc-eabi/4.6.3/crtbegin.o
 .rela.text.__fp_unlock_all
                0x00000000        0x0 c:/devkitpro/devkitppc/bin/../lib/gcc/powerpc-eabi/4.6.3/crtbegin.o
 .rela.text._fopen_r
                0x00000000        0x0 c:/devkitpro/devkitppc/bin/../lib/gcc/powerpc-eabi/4.6.3/crtbegin.o
 .rela.text.fopen
                0x00000000        0x0 c:/devkitpro/devkitppc/bin/../lib/gcc/powerpc-eabi/4.6.3/crtbegin.o
 .rela.text.fprintf
                0x00000000        0x0 c:/devkitpro/devkitppc/bin/../lib/gcc/powerpc-eabi/4.6.3/crtbegin.o
 .rela.text.fputs
                0x00000000        0x0 c:/devkitpro/devkitppc/bin/../lib/gcc/powerpc-eabi/4.6.3/crtbegin.o
 .rela.text.fread
                0x00000000        0x0 c:/devkitpro/devkitppc/bin/../lib/gcc/powerpc-eabi/4.6.3/crtbegin.o
 .rela.text._malloc_trim_r
                0x00000000        0x0 c:/devkitpro/devkitppc/bin/../lib/gcc/powerpc-eabi/4.6.3/crtbegin.o
 .rela.text._free_r
                0x00000000        0x0 c:/devkitpro/devkitppc/bin/../lib/gcc/powerpc-eabi/4.6.3/crtbegin.o
 .rela.text._fseek_r
                0x00000000        0x0 c:/devkitpro/devkitppc/bin/../lib/gcc/powerpc-eabi/4.6.3/crtbegin.o
 .rela.text.fseek
                0x00000000        0x0 c:/devkitpro/devkitppc/bin/../lib/gcc/powerpc-eabi/4.6.3/crtbegin.o
 .rela.text.ftell
                0x00000000        0x0 c:/devkitpro/devkitppc/bin/../lib/gcc/powerpc-eabi/4.6.3/crtbegin.o
 .rela.text.fwrite
                0x00000000        0x0 c:/devkitpro/devkitppc/bin/../lib/gcc/powerpc-eabi/4.6.3/crtbegin.o
 .rela.text.gmtime
                0x00000000        0x0 c:/devkitpro/devkitppc/bin/../lib/gcc/powerpc-eabi/4.6.3/crtbegin.o
 .rela.text.loadlocale
                0x00000000        0x0 c:/devkitpro/devkitppc/bin/../lib/gcc/powerpc-eabi/4.6.3/crtbegin.o
 .rela.text.__smakebuf_r
                0x00000000        0x0 c:/devkitpro/devkitppc/bin/../lib/gcc/powerpc-eabi/4.6.3/crtbegin.o
 .rela.text._mbrtowc_r
                0x00000000        0x0 c:/devkitpro/devkitppc/bin/../lib/gcc/powerpc-eabi/4.6.3/crtbegin.o
 .rela.text.mbrtowc
                0x00000000        0x0 c:/devkitpro/devkitppc/bin/../lib/gcc/powerpc-eabi/4.6.3/crtbegin.o
 .rela.text._mbstowcs_r
                0x00000000        0x0 c:/devkitpro/devkitppc/bin/../lib/gcc/powerpc-eabi/4.6.3/crtbegin.o
 .rela.text.mktime
                0x00000000        0x0 c:/devkitpro/devkitppc/bin/../lib/gcc/powerpc-eabi/4.6.3/crtbegin.o
 .rela.text._mktm_r
                0x00000000        0x0 c:/devkitpro/devkitppc/bin/../lib/gcc/powerpc-eabi/4.6.3/crtbegin.o
 .rela.text._strtod_r
                0x00000000        0x0 c:/devkitpro/devkitppc/bin/../lib/gcc/powerpc-eabi/4.6.3/crtbegin.o
 .rela.text._wcrtomb_r
                0x00000000        0x0 c:/devkitpro/devkitppc/bin/../lib/gcc/powerpc-eabi/4.6.3/crtbegin.o
 .rela.text.wcrtomb
                0x00000000        0x0 c:/devkitpro/devkitppc/bin/../lib/gcc/powerpc-eabi/4.6.3/crtbegin.o
 .rela.text.wctob
                0x00000000        0x0 c:/devkitpro/devkitppc/bin/../lib/gcc/powerpc-eabi/4.6.3/crtbegin.o
 .rela.text.__call_exitprocs
                0x00000000        0x0 c:/devkitpro/devkitppc/bin/../lib/gcc/powerpc-eabi/4.6.3/crtbegin.o
 .rela.text._dtoa_r
                0x00000000        0x0 c:/devkitpro/devkitppc/bin/../lib/gcc/powerpc-eabi/4.6.3/crtbegin.o
 .rela.text.__hexdig_init
                0x00000000        0x0 c:/devkitpro/devkitppc/bin/../lib/gcc/powerpc-eabi/4.6.3/crtbegin.o
 .rela.text.__gethex
                0x00000000        0x0 c:/devkitpro/devkitppc/bin/../lib/gcc/powerpc-eabi/4.6.3/crtbegin.o
 .rela.text.__hexnan
                0x00000000        0x0 c:/devkitpro/devkitppc/bin/../lib/gcc/powerpc-eabi/4.6.3/crtbegin.o
 .rela.text._findenv_r
                0x00000000        0x0 c:/devkitpro/devkitppc/bin/../lib/gcc/powerpc-eabi/4.6.3/crtbegin.o

.rel.fini
 *(.rel.fini)

.rela.fini
 *(.rela.fini)

.rel.rodata
 *(.rel.rodata .rel.rodata.* .rel.gnu.linkonce.r.*)

.rela.rodata    0x80004194        0x0
 *(.rela.rodata .rela.rodata.* .rela.gnu.linkonce.r.*)
 .rela.rodata   0x00000000        0x0 c:/devkitpro/devkitppc/bin/../lib/gcc/powerpc-eabi/4.6.3/crtbegin.o
 .rela.rodata.dotab_fat
                0x00000000        0x0 c:/devkitpro/devkitppc/bin/../lib/gcc/powerpc-eabi/4.6.3/crtbegin.o
 .rela.rodata.decoder_table
                0x00000000        0x0 c:/devkitpro/devkitppc/bin/../lib/gcc/powerpc-eabi/4.6.3/crtbegin.o

.rel.data
 *(.rel.data .rel.data.* .rel.gnu.linkonce.d.*)

.rela.data
 *(.rela.data .rela.data.* .rela.gnu.linkonce.d.*)

.rel.tdata
 *(.rel.tdata .rel.tdata.* .rel.gnu.linkonce.td.*)

.rela.tdata
 *(.rela.tdata .rela.tdata.* .rela.gnu.linkonce.td.*)

.rel.tbss
 *(.rel.tbss .rel.tbss.* .rel.gnu.linkonce.tb.*)

.rela.tbss
 *(.rela.tbss .rela.tbss.* .rela.gnu.linkonce.tb.*)

.rel.ctors
 *(.rel.ctors)

.rela.ctors
 *(.rela.ctors)

.rel.dtors
 *(.rel.dtors)

.rela.dtors
 *(.rela.dtors)

.rel.got
 *(.rel.got)

.rela.got
 *(.rela.got)

.rela.got1
 *(.rela.got1)

.rela.got2      0x80004194        0x0
 *(.rela.got2)
 .rela.got2     0x00000000        0x0 c:/devkitpro/devkitppc/bin/../lib/gcc/powerpc-eabi/4.6.3/crtbegin.o

.rel.sdata
 *(.rel.sdata .rel.sdata.* .rel.gnu.linkonce.s.*)

.rela.sdata
 *(.rela.sdata .rela.sdata.* .rela.gnu.linkonce.s.*)

.rel.sbss
 *(.rel.sbss .rel.sbss.* .rel.gnu.linkonce.sb.*)

.rela.sbss
 *(.rela.sbss .rela.sbss.* .rel.gnu.linkonce.sb.*)

.rel.sdata2
 *(.rel.sdata2 .rel.sdata2.* .rel.gnu.linkonce.s2.*)

.rela.sdata2
 *(.rela.sdata2 .rela.sdata2.* .rela.gnu.linkonce.s2.*)

.rel.sbss2
 *(.rel.sbss2 .rel.sbss2.* .rel.gnu.linkonce.sb2.*)

.rela.sbss2
 *(.rela.sbss2 .rela.sbss2.* .rela.gnu.linkonce.sb2.*)

.rel.bss
 *(.rel.bss .rel.bss.* .rel.gnu.linkonce.b.*)

.rela.bss
 *(.rela.bss .rela.bss.* .rela.gnu.linkonce.b.*)

.rel.plt
 *(.rel.plt)

.rela.plt
 *(.rela.plt)

.text           0x800041a0    0xa30a0
 *(.text)
 .text          0x800041a0      0x168 c:/devkitpro/devkitppc/bin/../lib/gcc/powerpc-eabi/4.6.3/crtbegin.o
 .text          0x80004308       0x44 c:/devkitpro/devkitppc/bin/../lib/gcc/powerpc-eabi/4.6.3/../../../../powerpc-eabi/lib/crtmain.o
                0x8000430c                __crtmain
 .text          0x8000434c      0x138 c:/devkitPro/libogc/lib/wii\libfreetype.a(ftinit.o)
                0x8000434c                FT_Done_FreeType
                0x8000438c                FT_Add_Default_Modules
                0x800043e0                FT_Init_FreeType
 .text          0x80004484     0xaabc c:/devkitPro/libogc/lib/wii\libfreetype.a(ftbase.o)
                0x80004484                FT_RoundFix
                0x800044b4                FT_CeilFix
                0x800044e4                FT_FloorFix
                0x80004504                FT_Sqrt32
                0x80004618                FT_MulDiv
                0x80004800                FT_MulDiv_No_Round
                0x800048f0                FT_MulFix
                0x80004990                FT_DivFix
                0x80004a60                FT_Matrix_Multiply
                0x80004b90                FT_Matrix_Invert
                0x80004c78                FT_Matrix_Multiply_Scaled
                0x80004db8                FT_Vector_Transform_Scaled
                0x80004e78                FT_SqrtFixed
                0x80004ed0                ft_corner_orientation
                0x80004fec                ft_corner_is_flat
                0x80005064                FT_GlyphLoader_Rewind
                0x80005118                FT_GlyphLoader_Prepare
                0x8000515c                FT_GlyphLoader_Add
                0x800051c8                FT_Get_Sfnt_Name_Count
                0x800051ec                ft_validator_init
                0x80005204                ft_validator_run
                0x8000520c                FT_Set_Transform
                0x800053a4                FT_Match_Size
                0x800054fc                ft_synthesize_vertical_metrics
                0x8000561c                FT_Select_Metrics
                0x800056f4                FT_Select_Size
                0x8000578c                FT_Get_Kerning
                0x800058e4                FT_Get_Track_Kerning
                0x800059b0                FT_Select_Charmap
                0x80005a34                FT_Get_Charmap_Index
                0x80005a88                FT_Get_Char_Index
                0x80005adc                FT_Get_Next_Char
                0x80005b58                FT_Get_First_Char
                0x80005be0                FT_Get_Name_Index
                0x80005cb8                FT_Get_Glyph_Name
                0x80005de0                FT_Get_Postscript_Name
                0x80005e9c                FT_Get_Sfnt_Table
                0x80005f28                FT_Load_Sfnt_Table
                0x8000600c                FT_Sfnt_Table_Info
                0x800060dc                FT_Get_CMap_Language_ID
                0x80006178                FT_Get_CMap_Format
                0x80006204                FT_Set_Charmap
                0x80006348                FT_Face_GetCharsOfVariant
                0x800063c0                FT_Face_GetVariantsOfChar
                0x80006438                FT_Face_GetVariantSelectors
                0x8000649c                FT_Face_GetCharVariantIsDefault
                0x80006504                FT_Face_GetCharVariantIndex
                0x800065ac                FT_Activate_Size
                0x800065e8                FT_Lookup_Renderer
                0x8000669c                FT_Get_Renderer
                0x800066a4                ft_module_get_service
                0x80006790                FT_Library_Version
                0x800067dc                FT_Set_Debug_Hook
                0x80006804                ft_stub_set_char_sizes
                0x80006894                ft_stub_set_pixel_sizes
                0x80006900                FT_Get_SubGlyph_Info
                0x800069b4                FT_Outline_Decompose
                0x80006e70                FT_Outline_Check
                0x80006ee8                FT_Outline_Get_CBox
                0x80006fa8                FT_Outline_Translate
                0x80006ff8                FT_Outline_Reverse
                0x800070d4                FT_Vector_Transform
                0x8000717c                FT_Outline_Transform
                0x800071f4                FT_Outline_Get_Orientation
                0x800075dc                FT_Stream_OpenMemory
                0x800075fc                FT_Stream_Close
                0x80007634                FT_Stream_Seek
                0x80007694                FT_Raccess_Guess
                0x800077b4                FT_Stream_Skip
                0x800077d0                FT_Stream_Pos
                0x800077d8                FT_Stream_GetChar
                0x80007804                FT_Stream_GetShort
                0x80007840                FT_Stream_GetShortLE
                0x8000787c                FT_Stream_GetOffset
                0x800078c4                FT_Stream_GetLong
                0x80007914                FT_Stream_GetLongLE
                0x80007964                FT_Stream_ReadChar
                0x80007a28                FT_Stream_ReadShort
                0x80007b10                FT_Stream_ReadShortLE
                0x80007bf8                FT_Stream_ReadOffset
                0x80007cec                FT_Stream_ReadLong
                0x80007f8c                FT_Stream_ReadLongLE
                0x800083b4                FT_Cos
                0x800083fc                FT_Sin
                0x80008408                FT_Tan
                0x80008450                FT_Atan2
                0x800084a4                FT_Vector_Unit
                0x800084fc                FT_Vector_Rotate
                0x8000860c                FT_Vector_Length
                0x800086d0                FT_Vector_Polarize
                0x8000877c                FT_Vector_From_Polar
                0x80008790                FT_Angle_Diff
                0x800087f4                FT_Outline_Embolden
                0x80008a58                ft_mem_qalloc
                0x80008ac0                ft_mem_free
                0x80008af0                FT_Stream_ExitFrame
                0x80008b44                FT_Stream_EnterFrame
                0x80008cbc                FT_Stream_ExtractFrame
                0x80008d0c                FT_Stream_ReleaseFrame
                0x80008d5c                FT_Outline_Done_Internal
                0x80008e38                FT_Outline_Done
                0x8000901c                ft_glyphslot_free_bitmap
                0x800090a0                ft_glyphslot_set_bitmap
                0x800090dc                FT_Stream_Free
                0x80009150                FT_GlyphLoader_Reset
                0x800091f4                FT_GlyphLoader_Done
                0x80009318                FT_Done_GlyphSlot
                0x800093c4                ft_mem_strcpyn
                0x80009418                FT_List_Find
                0x80009450                FT_List_Add
                0x80009480                FT_List_Insert
                0x800094b0                FT_List_Remove
                0x800094e8                FT_Done_Size
                0x800095d8                FT_List_Up
                0x8000963c                FT_Set_Renderer
                0x80009724                FT_Outline_Render
                0x80009854                FT_Outline_Get_Bitmap
                0x800098bc                FT_Render_Glyph_Internal
                0x80009a20                FT_Render_Glyph
                0x80009a48                FT_List_Iterate
                0x80009ab4                FT_List_Finalize
                0x80009b70                FT_Remove_Module
                0x80009eac                FT_Done_Face
                0x80009f74                FT_Done_Library
                0x8000a090                ft_highpow2
                0x8000a0b0                FT_QAlloc
                0x8000a0e8                FT_Free
                0x8000a128                ft_mem_dup
                0x8000a1ac                ft_mem_strdup
                0x8000a234                FT_Stream_ReadFields
                0x8000a4f0                FT_Stream_TryRead
                0x8000a598                FT_Stream_ReadAt
                0x8000a650                FT_Stream_Read
                0x8000a664                FT_Raccess_Get_HeaderInfo
                0x8000a8a4                FT_Outline_Copy
                0x8000a970                ft_mem_alloc
                0x8000a9e4                FT_Alloc
                0x8000aa1c                ft_mem_qrealloc
                0x8000ab48                FT_QRealloc
                0x8000ab90                ft_mem_realloc
                0x8000ac5c                FT_Realloc
                0x8000aca4                FT_Outline_New_Internal
                0x8000ae18                FT_Outline_New
                0x8000ae30                FT_CMap_Done
                0x8000af94                FT_Get_Sfnt_Name
                0x8000b0f4                FT_GlyphLoader_CheckSubGlyphs
                0x8000b1a8                FT_GlyphLoader_CreateExtra
                0x8000b438                FT_New_Library
                0x8000b540                FT_CMap_New
                0x8000b6d0                FT_New_Size
                0x8000b9b0                ft_glyphslot_alloc_bitmap
                0x8000ba6c                FT_GlyphLoader_New
                0x8000bac4                FT_New_GlyphSlot
                0x8000bc7c                FT_Request_Metrics
                0x8000bfbc                FT_Request_Size
                0x8000c0b4                FT_Set_Pixel_Sizes
                0x8000c148                FT_Set_Char_Size
                0x8000c214                FT_Load_Glyph
                0x8000c728                FT_Load_Char
                0x8000c7a0                FT_Get_Advances
                0x8000c944                FT_Get_Advance
                0x8000cc54                FT_Raccess_Get_DataOffsets
                0x8000cf30                FT_Get_FSType_Flags
                0x8000cfbc                FT_Get_Module
                0x8000d05c                FT_Get_TrueType_Engine_Type
                0x8000d0c0                FT_Get_Module_Interface
                0x8000d0f8                FT_Add_Module
                0x8000d450                ft_service_list_lookup
                0x8000d4cc                FT_Stream_New
                0x8000d910                FT_Attach_Stream
                0x8000d9cc                FT_Attach_File
                0x8000da18                FT_Open_Face
                0x8000eb80                FT_New_Memory_Face
                0x8000ebd4                FT_New_Face
                0x8000ec18                ft_validator_error
                0x8000ec34                FT_GlyphLoader_CheckPoints
                0x8000ee20                FT_GlyphLoader_CopyPoints
 .text          0x8000ef40      0x1c0 c:/devkitPro/libogc/lib/wii\libfreetype.a(fttype1.o)
                0x8000ef40                FT_Get_PS_Font_Info
                0x8000efdc                FT_Has_PS_Glyph_Names
                0x8000f064                FT_Get_PS_Font_Private
 .text          0x8000f100     0xacd8 c:/devkitPro/libogc/lib/wii\libfreetype.a(truetype.o)
                0x80016810                TT_New_Context
                0x800173f8                TT_RunIns
 .text          0x80019dd8     0x5380 c:/devkitPro/libogc/lib/wii\libfreetype.a(type1.o)
 .text          0x8001f158     0x8e80 c:/devkitPro/libogc/lib/wii\libfreetype.a(sfnt.o)
 .text          0x80027fd8     0x588c c:/devkitPro/libogc/lib/wii\libfreetype.a(autofit.o)
                0x80028088                af_glyph_hints_dump_points
                0x8002808c                af_glyph_hints_dump_segments
                0x80028090                af_glyph_hints_dump_edges
 .text          0x8002d864     0x3cec c:/devkitPro/libogc/lib/wii\libfreetype.a(pshinter.o)
                0x800303c8                ps_hints_apply
 .text          0x80031550     0x2824 c:/devkitPro/libogc/lib/wii\libfreetype.a(raster.o)
 .text          0x80033d74     0x21d8 c:/devkitPro/libogc/lib/wii\libfreetype.a(smooth.o)
 .text          0x80035f4c     0x4834 c:/devkitPro/libogc/lib/wii\libfreetype.a(psaux.o)
 .text          0x8003a780      0x8b0 c:/devkitPro/libogc/lib/wii\libfreetype.a(psnames.o)
 .text          0x8003b030      0x23c c:/devkitPro/libogc/lib/wii\libfreetype.a(ftsystem.o)
                0x8003b030                FT_Done_Memory
                0x8003b074                FT_New_Memory
                0x8003b118                FT_Stream_Open
 *fill*         0x8003b26c       0x14 00000000
 .text          0x8003b280      0x44c c:/devkitPro/libogc/lib/wii\libogc.a(lwp_handler.o)
                0x8003b280                _cpu_context_save_fp
                0x8003b3c0                _cpu_context_restore_fp
                0x8003b500                _cpu_context_switch
                0x8003b5e0                _cpu_context_save
                0x8003b660                _cpu_context_restore
 .text          0x8003b6cc      0x4f4 c:/devkitPro/libogc/lib/wii\libogc.a(cache_asm.o)
                0x8003b6cc                DCFlashInvalidate
                0x8003b6e0                DCEnable
                0x8003b6f4                DCDisable
                0x8003b708                DCFreeze
                0x8003b71c                DCUnfreeze
                0x8003b730                DCTouchLoad
                0x8003b738                DCBlockZero
                0x8003b740                DCBlockStore
                0x8003b748                DCBlockFlush
                0x8003b750                DCBlockInvalidate
                0x8003b758                DCInvalidateRange
                0x8003b788                DCFlushRange
                0x8003b7bc                DCStoreRange
                0x8003b7f0                DCFlushRangeNoSync
                0x8003b820                DCStoreRangeNoSync
                0x8003b850                DCZeroRange
                0x8003b880                DCTouchRange
                0x8003b8b0                ICInvalidateRange
                0x8003b8e8                ICFlashInvalidate
                0x8003b8fc                ICEnable
                0x8003b910                ICDisable
                0x8003b924                ICFreeze
                0x8003b938                ICUnfreeze
                0x8003b94c                ICBlockInvalidate
                0x8003b954                ICSync
                0x8003b95c                L2Init
                0x8003b9a4                L2Enable
                0x8003b9c0                L2Disable
                0x8003b9d8                L2GlobalInvalidate
                0x8003ba30                __LCEnable
                0x8003bafc                LCDisable
                0x8003bb24                LCAllocOneTag
                0x8003bb38                LCAllocTags
                0x8003bb78                LCLoadBlocks
                0x8003bb9c                LCStoreBlocks
 .text          0x8003bbc0      0x4a0 c:/devkitPro/libogc/lib/wii\libogc.a(system_asm.o)
                0x8003bbc0                __realmode
                0x8003bbd8                __configBATS
                0x8003bd08                __InitFPRS
                0x8003be34                __InitPS
                0x8003be90                __InitCache
                0x8003bee8                __InitSystem
                0x8003bf70                __flush_cache
                0x8003bfa4                __reset
                0x8003c014                __InitBATS
                0x8003c030                SYS_SwitchFiber
 .text          0x8003c060      0x8dc c:/devkitPro/libogc/lib/wii\libogc.a(gu_psasm.o)
                0x8003c060                ps_guMtxConcat
                0x8003c124                ps_guMtxIdentity
                0x8003c150                ps_guMtxCopy
                0x8003c184                ps_guMtxTranspose
                0x8003c1d4                ps_guMtxInverse
                0x8003c2cc                ps_guMtxInvXpose
                0x8003c394                ps_guMtxScale
                0x8003c3bc                ps_guMtxScaleApply
                0x8003c414                ps_guMtxApplyScale
                0x8003c478                ps_guMtxTrans
                0x8003c4ac                ps_guMtxTransApply
                0x8003c4f8                ps_guMtxApplyTrans
                0x8003c574                ps_guMtxRotTrig
                0x8003c624                __ps_guMtxRotAxisRadInternal
                0x8003c6e4                ps_guMtxReflect
                0x8003c754                ps_guVecAdd
                0x8003c778                ps_guVecSub
                0x8003c79c                ps_guVecScale
                0x8003c7b8                ps_guVecNormalize
                0x8003c7fc                ps_guVecCross
                0x8003c838                ps_guVecDotProduct
                0x8003c858                ps_guVecMultiply
                0x8003c8ac                ps_guVecMultiplySR
                0x8003c91c                ps_guQuatDotProduct
 .text          0x8003c93c      0x1ac c:/devkitPro/libogc/lib/wii\libogc.a(irq_handler.o)
                0x8003c93c                irq_exceptionhandler
 .text          0x8003cae8      0x118 c:/devkitPro/libogc/lib/wii\libogc.a(video_asm.o)
                0x8003cae8                __VIClearFramebuffer
 .text          0x8003cc00      0x1ac c:/devkitPro/libogc/lib/wii\libogc.a(decrementer_handler.o)
                0x8003cc00                dec_exceptionhandler
 .text          0x8003cdac      0x35c c:/devkitPro/libogc/lib/wii\libogc.a(exception_handler.o)
                0x8003cdac                exceptionhandler_start
                0x8003ce28                exceptionhandler_patch
                0x8003ce5c                exceptionhandler_end
                0x8003ce60                default_exceptionhandler
                0x8003cf90                fpu_exceptionhandler
                0x8003d0d8                systemcallhandler_start
                0x8003d104                systemcallhandler_end
 .text          0x8003d108       0x40 c:/devkitpro/devkitppc/bin/../lib/gcc/powerpc-eabi/4.6.3\libgcc.a(_ashldi3.o)
                0x8003d108                __ashldi3
 .text          0x8003d148      0x448 c:/devkitpro/devkitppc/bin/../lib/gcc/powerpc-eabi/4.6.3\libgcc.a(_divdi3.o)
                0x8003d148                __divdi3
 .text          0x8003d590      0x400 c:/devkitpro/devkitppc/bin/../lib/gcc/powerpc-eabi/4.6.3\libgcc.a(_udivdi3.o)
                0x8003d590                __udivdi3
 .text          0x8003d990      0x3d4 c:/devkitpro/devkitppc/bin/../lib/gcc/powerpc-eabi/4.6.3\libgcc.a(_umoddi3.o)
                0x8003d990                __umoddi3
 .text          0x8003dd64       0x48 c:/devkitpro/devkitppc/bin/../lib/gcc/powerpc-eabi/4.6.3\libgcc.a(eabi.o)
                0x8003dd64                __eabi
 .text          0x8003ddac       0x4c c:/devkitpro/devkitppc/bin/../lib/gcc/powerpc-eabi/4.6.3\libgcc.a(crtsavfpr.o)
                0x8003ddac                _savefpr_14
                0x8003ddb0                _savefpr_15
                0x8003ddb4                _savefpr_16
                0x8003ddb8                _savefpr_17
                0x8003ddbc                _savefpr_18
                0x8003ddc0                _savefpr_19
                0x8003ddc4                _savefpr_20
                0x8003ddc8                _savefpr_21
                0x8003ddcc                _savefpr_22
                0x8003ddd0                _savefpr_23
                0x8003ddd4                _savefpr_24
                0x8003ddd8                _savefpr_25
                0x8003dddc                _savefpr_26
                0x8003dde0                _savefpr_27
                0x8003dde4                _savefpr_28
                0x8003dde8                _savefpr_29
                0x8003ddec                _savefpr_30
                0x8003ddf0                _savefpr_31
 .text          0x8003ddf8       0x4c c:/devkitpro/devkitppc/bin/../lib/gcc/powerpc-eabi/4.6.3\libgcc.a(crtsavgpr.o)
                0x8003ddf8                _savegpr_14
                0x8003ddfc                _savegpr_15
                0x8003de00                _savegpr_16
                0x8003de04                _savegpr_17
                0x8003de08                _savegpr_18
                0x8003de0c                _savegpr_19
                0x8003de10                _savegpr_20
                0x8003de14                _savegpr_21
                0x8003de18                _savegpr_22
                0x8003de1c                _savegpr_23
                0x8003de20                _savegpr_24
                0x8003de24                _savegpr_25
                0x8003de28                _savegpr_26
                0x8003de2c                _savegpr_27
                0x8003de30                _savegpr_28
                0x8003de34                _savegpr_29
                0x8003de38                _savegpr_30
                0x8003de3c                _savegpr_31
 .text          0x8003de44       0x4c c:/devkitpro/devkitppc/bin/../lib/gcc/powerpc-eabi/4.6.3\libgcc.a(crtresgpr.o)
                0x8003de44                _restgpr_14
                0x8003de48                _restgpr_15
                0x8003de4c                _restgpr_16
                0x8003de50                _restgpr_17
                0x8003de54                _restgpr_18
                0x8003de58                _restgpr_19
                0x8003de5c                _restgpr_20
                0x8003de60                _restgpr_21
                0x8003de64                _restgpr_22
                0x8003de68                _restgpr_23
                0x8003de6c                _restgpr_24
                0x8003de70                _restgpr_25
                0x8003de74                _restgpr_26
                0x8003de78                _restgpr_27
                0x8003de7c                _restgpr_28
                0x8003de80                _restgpr_29
                0x8003de84                _restgpr_30
                0x8003de88                _restgpr_31
 .text          0x8003de90       0x58 c:/devkitpro/devkitppc/bin/../lib/gcc/powerpc-eabi/4.6.3\libgcc.a(crtresxfpr.o)
                0x8003de90                _restfpr_14_x
                0x8003de94                _restfpr_15_x
                0x8003de98                _restfpr_16_x
                0x8003de9c                _restfpr_17_x
                0x8003dea0                _restfpr_18_x
                0x8003dea4                _restfpr_19_x
                0x8003dea8                _restfpr_20_x
                0x8003deac                _restfpr_21_x
                0x8003deb0                _restfpr_22_x
                0x8003deb4                _restfpr_23_x
                0x8003deb8                _restfpr_24_x
                0x8003debc                _restfpr_25_x
                0x8003dec0                _restfpr_26_x
                0x8003dec4                _restfpr_27_x
                0x8003dec8                _restfpr_28_x
                0x8003decc                _restfpr_29_x
                0x8003ded0                _restfpr_30_x
                0x8003ded4                _restfpr_31_x
 .text          0x8003dee8       0x58 c:/devkitpro/devkitppc/bin/../lib/gcc/powerpc-eabi/4.6.3\libgcc.a(crtresxgpr.o)
                0x8003dee8                _restgpr_14_x
                0x8003deec                _restgpr_15_x
                0x8003def0                _restgpr_16_x
                0x8003def4                _restgpr_17_x
                0x8003def8                _restgpr_18_x
                0x8003defc                _restgpr_19_x
                0x8003df00                _restgpr_20_x
                0x8003df04                _restgpr_21_x
                0x8003df08                _restgpr_22_x
                0x8003df0c                _restgpr_23_x
                0x8003df10                _restgpr_24_x
                0x8003df14                _restgpr_25_x
                0x8003df18                _restgpr_26_x
                0x8003df1c                _restgpr_27_x
                0x8003df20                _restgpr_28_x
                0x8003df24                _restgpr_29_x
                0x8003df28                _restgpr_30_x
                0x8003df2c                _restgpr_31_x
 .text          0x8003df40       0x28 c:/devkitpro/devkitppc/bin/../lib/gcc/powerpc-eabi/4.6.3/../../../../powerpc-eabi/lib\libsysbase.a(abort.o)
                0x8003df40                abort
 .text          0x8003df68      0x2ec c:/devkitpro/devkitppc/bin/../lib/gcc/powerpc-eabi/4.6.3/../../../../powerpc-eabi/lib\libsysbase.a(iosupport.o)
                0x8003df68                setDefaultDevice
                0x8003df80                FindDevice
                0x8003e0a4                RemoveDevice
                0x8003e0f4                AddDevice
                0x8003e210                GetDeviceOpTab
 .text          0x8003e254       0x28 c:/devkitpro/devkitppc/bin/../lib/gcc/powerpc-eabi/4.6.3/../../../../powerpc-eabi/lib\libsysbase.a(_exit.o)
                0x8003e254                _exit
 .text          0x8003e27c      0x4cc c:/devkitpro/devkitppc/bin/../lib/gcc/powerpc-eabi/4.6.3/../../../../powerpc-eabi/lib\libsysbase.a(chdir.o)
                0x8003e27c                _concatenate_path
                0x8003e4cc                chdir
                0x8003e664                getcwd
 .text          0x8003e748       0x90 c:/devkitpro/devkitppc/bin/../lib/gcc/powerpc-eabi/4.6.3/../../../../powerpc-eabi/lib\libsysbase.a(build_argv.o)
                0x8003e748                build_argv
 .text          0x8003e7d8      0x168 c:/devkitpro/devkitppc/bin/../lib/gcc/powerpc-eabi/4.6.3/../../../../powerpc-eabi/lib\libsysbase.a(syscall_support.o)
                0x8003e7d8                __libc_lock_init
                0x8003e818                __libc_lock_close
                0x8003e858                __libc_lock_release
                0x8003e898                __libc_lock_acquire
                0x8003e8d8                __malloc_lock
                0x8003e90c                __malloc_unlock
 .text          0x8003e940      0x180 c:/devkitpro/devkitppc/bin/../lib/gcc/powerpc-eabi/4.6.3/../../../../powerpc-eabi/lib\libc.a(lib_a-setjmp.o)
                0x8003e940                setjmp
                0x8003e9fc                longjmp
 .text          0x8003eac0       0x98 c:/devkitpro/devkitppc/bin/../lib/gcc/powerpc-eabi/4.6.3/../../../../powerpc-eabi/lib\libsysbase.a(close.o)
                0x8003eac0                _close_r
 .text          0x8003eb58       0xc8 c:/devkitpro/devkitppc/bin/../lib/gcc/powerpc-eabi/4.6.3/../../../../powerpc-eabi/lib\libsysbase.a(fstat.o)
                0x8003eb58                _fstat_r
 .text          0x8003ec20        0x8 c:/devkitpro/devkitppc/bin/../lib/gcc/powerpc-eabi/4.6.3/../../../../powerpc-eabi/lib\libsysbase.a(isatty.o)
                0x8003ec20                _isatty_r
 .text          0x8003ec28       0xcc c:/devkitpro/devkitppc/bin/../lib/gcc/powerpc-eabi/4.6.3/../../../../powerpc-eabi/lib\libsysbase.a(lseek.o)
                0x8003ec28                _lseek_r
 .text          0x8003ecf4      0x14c c:/devkitpro/devkitppc/bin/../lib/gcc/powerpc-eabi/4.6.3/../../../../powerpc-eabi/lib\libsysbase.a(open.o)
                0x8003ecf4                _open_r
 .text          0x8003ee40       0xac c:/devkitpro/devkitppc/bin/../lib/gcc/powerpc-eabi/4.6.3/../../../../powerpc-eabi/lib\libsysbase.a(read.o)
                0x8003ee40                _read_r
 .text          0x8003eeec       0x50 c:/devkitpro/devkitppc/bin/../lib/gcc/powerpc-eabi/4.6.3/../../../../powerpc-eabi/lib\libsysbase.a(sbrk.o)
                0x8003eeec                _sbrk_r
 .text          0x8003ef3c       0xac c:/devkitpro/devkitppc/bin/../lib/gcc/powerpc-eabi/4.6.3/../../../../powerpc-eabi/lib\libsysbase.a(write.o)
                0x8003ef3c                _write_r
 .text          0x8003efe8       0x6c c:/devkitpro/devkitppc/bin/../lib/gcc/powerpc-eabi/4.6.3/../../../../powerpc-eabi/lib\libsysbase.a(flock.o)
                0x8003efe8                __flockfile
                0x8003f030                __funlockfile
 .text          0x8003f054      0x174 c:/devkitpro/devkitppc/bin/../lib/gcc/powerpc-eabi/4.6.3/../../../../powerpc-eabi/lib\libsysbase.a(handle_manager.o)
                0x8003f054                __release_handle
                0x8003f0b0                __alloc_handle
                0x8003f1a4                __get_handle
 .text          0x8003f1c8       0x6c c:/devkitpro/devkitppc/bin/../lib/gcc/powerpc-eabi/4.6.3/crtend.o
 *(.text.*)
 .text.MK_InitLibraries
                0x8003f234       0x30 main.o
                0x8003f234                MK_InitLibraries
 .text.MK_LoadGfx
                0x8003f264      0x698 main.o
                0x8003f264                MK_LoadGfx
 .text.Esperar  0x8003f8fc       0x60 main.o
                0x8003f8fc                Esperar
 .text.ExitForTheGame
                0x8003f95c       0x48 main.o
                0x8003f95c                ExitForTheGame
 .text.Play_Music
                0x8003f9a4       0x3c main.o
                0x8003f9a4                Play_Music
 .text.CheckDragBlock
                0x8003f9e0      0x150 main.o
                0x8003f9e0                CheckDragBlock
 .text.PlaceToGrid
                0x8003fb30      0x260 main.o
                0x8003fb30                PlaceToGrid
 .text.DropBlock
                0x8003fd90       0xf0 main.o
                0x8003fd90                DropBlock
 .text.DeleteFromGrid
                0x8003fe80       0x84 main.o
                0x8003fe80                DeleteFromGrid
 .text.DrawWaterBlocks
                0x8003ff04       0x6c main.o
                0x8003ff04                DrawWaterBlocks
 .text.MK_Cursor
                0x8003ff70       0xb8 main.o
                0x8003ff70                MK_Cursor
 .text.DrawBlocks
                0x80040028      0x118 main.o
                0x80040028                DrawBlocks
 .text.PlayAnims
                0x80040140      0x5f4 main.o
                0x80040140                PlayAnims
 .text.SubWaterFlux
                0x80040734      0x13c main.o
                0x80040734                SubWaterFlux
 .text.WaterFlux
                0x80040870      0x7c4 main.o
                0x80040870                WaterFlux
 .text.ReInit   0x80041034      0x200 main.o
                0x80041034                ReInit
 .text.TimeFuntion
                0x80041234      0x10c main.o
                0x80041234                TimeFuntion
 .text.InitCreate
                0x80041340      0x1d8 main.o
                0x80041340                InitCreate
 .text.DropBlock2
                0x80041518      0x180 main.o
                0x80041518                DropBlock2
 .text.SetStart
                0x80041698      0x17c main.o
                0x80041698                SetStart
 .text.SetFinish
                0x80041814      0x184 main.o
                0x80041814                SetFinish
 .text.SetBlock
                0x80041998       0x8c main.o
                0x80041998                SetBlock
 .text.DrawLevel
                0x80041a24     0x1750 main.o
                0x80041a24                DrawLevel
 .text.PlayCreate
                0x80043174      0x2f8 main.o
                0x80043174                PlayCreate
 .text.SelectMenu
                0x8004346c      0x2a0 main.o
                0x8004346c                SelectMenu
 .text.Anim4    0x8004370c       0xfc main.o
                0x8004370c                Anim4
 .text.MainMenu
                0x80043808      0x2d4 main.o
                0x80043808                MainMenu
 .text.InGame   0x80043adc      0x5e4 main.o
                0x80043adc                InGame
 .text.Anim5    0x800440c0       0xfc main.o
                0x800440c0                Anim5
 .text.SelectSlot
                0x800441bc      0x600 main.o
                0x800441bc                SelectSlot
 .text.SelectSlot2
                0x800447bc      0x6a0 main.o
                0x800447bc                SelectSlot2
 .text.WriteFAT
                0x80044e5c       0x5c main.o
                0x80044e5c                WriteFAT
 .text.ReadFAT  0x80044eb8       0x80 main.o
                0x80044eb8                ReadFAT
 .text.DrawTitle
                0x80044f38      0x140 main.o
                0x80044f38                DrawTitle
 .text.Intro    0x80045078       0x80 main.o
                0x80045078                Intro
 .text.CreatingMenu
                0x800450f8      0x32c main.o
                0x800450f8                CreatingMenu
 .text.startup.main
                0x80045424       0xb0 main.o
                0x80045424                main
 .text.ML_Init  0x800454d4       0x94 c:/devkitpro/MLlib/lib\libMLlib.a(ML_init.o)
                0x800454d4                ML_Init
 .text.ML_InitFAT
                0x80045568       0x20 c:/devkitpro/MLlib/lib\libMLlib.a(ML_init.o)
                0x80045568                ML_InitFAT
 .text.ML_InitPad
                0x80045588       0x40 c:/devkitpro/MLlib/lib\libMLlib.a(ML_input.o)
                0x80045588                ML_InitPad
 .text.ML_GetNunchuk
                0x800455c8      0x148 c:/devkitpro/MLlib/lib\libMLlib.a(ML_input.o)
                0x800455c8                ML_GetNunchuk
 .text.ML_GetCPad
                0x80045710      0x35c c:/devkitpro/MLlib/lib\libMLlib.a(ML_input.o)
                0x80045710                ML_GetCPad
 .text.ML_GetGuitar
                0x80045a6c      0x238 c:/devkitpro/MLlib/lib\libMLlib.a(ML_input.o)
                0x80045a6c                ML_GetGuitar
 .text.ML_GetPadsWii
                0x80045ca4      0x494 c:/devkitpro/MLlib/lib\libMLlib.a(ML_input.o)
                0x80045ca4                ML_GetPadsWii
 .text.ML_GetPadsGC
                0x80046138      0x3c8 c:/devkitpro/MLlib/lib\libMLlib.a(ML_input.o)
                0x80046138                ML_GetPadsGC
 .text.ML_GetPads
                0x80046500       0x20 c:/devkitpro/MLlib/lib\libMLlib.a(ML_input.o)
                0x80046500                ML_GetPads
 .text._doSystemReset
                0x80046520        0xc c:/devkitpro/MLlib/lib\libMLlib.a(ML_input.o)
                0x80046520                _doSystemReset
 .text._doPowerOff
                0x8004652c        0xc c:/devkitpro/MLlib/lib\libMLlib.a(ML_input.o)
                0x8004652c                _doPowerOff
 .text._doPadPowerOff
                0x80046538       0x14 c:/devkitpro/MLlib/lib\libMLlib.a(ML_input.o)
                0x80046538                _doPadPowerOff
 .text.ML_InitMP3
                0x8004654c       0x38 c:/devkitpro/MLlib/lib\libMLlib.a(ML_mp3player.o)
                0x8004654c                ML_InitMP3
 .text.ML_IsPlayingMP3
                0x80046584       0x2c c:/devkitpro/MLlib/lib\libMLlib.a(ML_mp3player.o)
                0x80046584                ML_IsPlayingMP3
 .text.ML_PlayMP3FromBuffer
                0x800465b0       0x24 c:/devkitpro/MLlib/lib\libMLlib.a(ML_mp3player.o)
                0x800465b0                ML_PlayMP3FromBuffer
 .text.ML_InitRand
                0x800465d4       0x28 c:/devkitpro/MLlib/lib\libMLlib.a(ML_time.o)
                0x800465d4                ML_InitRand
 .text.ML_Rand  0x800465fc       0x48 c:/devkitpro/MLlib/lib\libMLlib.a(ML_time.o)
                0x800465fc                ML_Rand
 .text.ML_LoadSpriteFromBuffer
                0x80046644      0x174 c:/devkitpro/MLlib/lib\libMLlib.a(ML_video.o)
                0x80046644                ML_LoadSpriteFromBuffer
 .text.ML_LoadBackgroundFromBuffer
                0x800467b8      0x13c c:/devkitpro/MLlib/lib\libMLlib.a(ML_video.o)
                0x800467b8                ML_LoadBackgroundFromBuffer
 .text.ML_DisableClipping
                0x800468f4       0x3c c:/devkitpro/MLlib/lib\libMLlib.a(ML_video.o)
                0x800468f4                ML_DisableClipping
 .text._drawImage
                0x80046930      0x8bc c:/devkitpro/MLlib/lib\libMLlib.a(ML_video.o)
                0x80046930                _drawImage
 .text.ML_GX_Init
                0x800471ec      0x35c c:/devkitpro/MLlib/lib\libMLlib.a(ML_video.o)
                0x800471ec                ML_GX_Init
 .text.ML_GX_Refresh
                0x80047548       0x50 c:/devkitpro/MLlib/lib\libMLlib.a(ML_video.o)
                0x80047548                ML_GX_Refresh
 .text.ML_InitVideo
                0x80047598      0x138 c:/devkitpro/MLlib/lib\libMLlib.a(ML_video.o)
                0x80047598                ML_InitVideo
 .text.ML_VSync
                0x800476d0       0x4c c:/devkitpro/MLlib/lib\libMLlib.a(ML_video.o)
                0x800476d0                ML_VSync
 .text.ML_RefreshConsoleMode
                0x8004771c       0x38 c:/devkitpro/MLlib/lib\libMLlib.a(ML_video.o)
                0x8004771c                ML_RefreshConsoleMode
 .text.ML_Refresh
                0x80047754       0x3c c:/devkitpro/MLlib/lib\libMLlib.a(ML_video.o)
                0x80047754                ML_Refresh
 .text.ML_GX_FreeMemory
                0x80047790       0x6c c:/devkitpro/MLlib/lib\libMLlib.a(ML_video.o)
                0x80047790                ML_GX_FreeMemory
 .text._flushAndClean
                0x800477fc       0xbc c:/devkitpro/MLlib/lib\libMLlib.a(ML_system.o)
                0x800477fc                _flushAndClean
 .text.ML_CallbackForPowerAndReset
                0x800478b8       0x84 c:/devkitpro/MLlib/lib\libMLlib.a(ML_system.o)
                0x800478b8                ML_CallbackForPowerAndReset
 .text.ML_Exit  0x8004793c       0xe0 c:/devkitpro/MLlib/lib\libMLlib.a(ML_system.o)
                0x8004793c                ML_Exit
 .text._initSprite
                0x80047a1c       0x5c c:/devkitpro/MLlib/lib\libMLlib.a(ML_sprites.o)
                0x80047a1c                _initSprite
 .text.ML_InitTile
                0x80047a78       0x2c c:/devkitpro/MLlib/lib\libMLlib.a(ML_sprites.o)
                0x80047a78                ML_InitTile
 .text.ML_IsSpriteVisible
                0x80047aa4       0x70 c:/devkitpro/MLlib/lib\libMLlib.a(ML_sprites.o)
                0x80047aa4                ML_IsSpriteVisible
 .text.ML_DrawTile
                0x80047b14       0xb4 c:/devkitpro/MLlib/lib\libMLlib.a(ML_sprites.o)
                0x80047b14                ML_DrawTile
 .text.ML_DrawSpriteText
                0x80047bc8      0x310 c:/devkitpro/MLlib/lib\libMLlib.a(ML_sprites.o)
                0x80047bc8                ML_DrawSpriteText
 .text.ML_DrawSpriteXY
                0x80047ed8      0x154 c:/devkitpro/MLlib/lib\libMLlib.a(ML_sprites.o)
                0x80047ed8                ML_DrawSpriteXY
 .text.ML_DrawSprite
                0x8004802c        0xc c:/devkitpro/MLlib/lib\libMLlib.a(ML_sprites.o)
                0x8004802c                ML_DrawSprite
 .text.ML_MoveSpriteWiimoteIR
                0x80048038       0xd8 c:/devkitpro/MLlib/lib\libMLlib.a(ML_sprites.o)
                0x80048038                ML_MoveSpriteWiimoteIR
 .text.ML_IsWiimoteInSprite
                0x80048110      0x11c c:/devkitpro/MLlib/lib\libMLlib.a(ML_sprites.o)
                0x80048110                ML_IsWiimoteInSprite
 .text.ML_Cursor
                0x8004822c      0x160 c:/devkitpro/MLlib/lib\libMLlib.a(ML_sprites.o)
                0x8004822c                ML_Cursor
 .text.ML_SetSpriteScale
                0x8004838c        0xc c:/devkitpro/MLlib/lib\libMLlib.a(ML_sprites.o)
                0x8004838c                ML_SetSpriteScale
 .text.ML_QuitFont
                0x80048398       0x38 c:/devkitpro/MLlib/lib\libMLlib.a(ML_font.o)
                0x80048398                ML_QuitFont
 .text._initBackground
                0x800483d0       0x30 c:/devkitpro/MLlib/lib\libMLlib.a(ML_backgrounds.o)
                0x800483d0                _initBackground
 .text.ML_DrawBackground
                0x80048400       0x68 c:/devkitpro/MLlib/lib\libMLlib.a(ML_backgrounds.o)
                0x80048400                ML_DrawBackground
 .text._initImage
                0x80048468       0x18 c:/devkitpro/MLlib/lib\libMLlib.a(ML_images.o)
                0x80048468                _initImage
 .text.ML_DeleteImage
                0x80048480       0x40 c:/devkitpro/MLlib/lib\libMLlib.a(ML_images.o)
                0x80048480                ML_DeleteImage
 .text.__image_load_buffer
                0x800484c0       0x5c c:/devkitpro/MLlib/lib\libMLlib.a(PNG.o)
 .text.read_png_gx_file_buffer
                0x8004851c      0x544 c:/devkitpro/MLlib/lib\libMLlib.a(PNG.o)
                0x8004851c                read_png_gx_file_buffer
 .text.setAsnd  0x80048a60        0x8 c:/devkitpro/MLlib/lib\libMLlib.a(globals.o)
                0x80048a60                setAsnd
 .text.getAsnd  0x80048a68        0x8 c:/devkitpro/MLlib/lib\libMLlib.a(globals.o)
                0x80048a68                getAsnd
 .text.setPowerOff
                0x80048a70        0x8 c:/devkitpro/MLlib/lib\libMLlib.a(globals.o)
                0x80048a70                setPowerOff
 .text.setReset
                0x80048a78        0x8 c:/devkitpro/MLlib/lib\libMLlib.a(globals.o)
                0x80048a78                setReset
 .text.getTTF   0x80048a80        0x8 c:/devkitpro/MLlib/lib\libMLlib.a(globals.o)
                0x80048a80                getTTF
 .text.setTTF   0x80048a88        0x8 c:/devkitpro/MLlib/lib\libMLlib.a(globals.o)
                0x80048a88                setTTF
 .text.getAA    0x80048a90        0x8 c:/devkitpro/MLlib/lib\libMLlib.a(globals.o)
                0x80048a90                getAA
 .text.setAA    0x80048a98        0x8 c:/devkitpro/MLlib/lib\libMLlib.a(globals.o)
                0x80048a98                setAA
 .text.setStartTime
                0x80048aa0        0x8 c:/devkitpro/MLlib/lib\libMLlib.a(globals.o)
                0x80048aa0                setStartTime
 .text.png_get_io_ptr
                0x80048aa8       0x18 c:/devkitPro/libogc/lib/wii\libpng.a(png.o)
                0x80048aa8                png_get_io_ptr
 .text.png_handle_as_unknown
                0x80048ac0       0xac c:/devkitPro/libogc/lib/wii\libpng.a(png.o)
                0x80048ac0                png_handle_as_unknown
 .text.png_sig_cmp
                0x80048b6c       0x8c c:/devkitPro/libogc/lib/wii\libpng.a(png.o)
                0x80048b6c                png_sig_cmp
 .text.png_zfree
                0x80048bf8       0x20 c:/devkitPro/libogc/lib/wii\libpng.a(png.o)
                0x80048bf8                png_zfree
 .text.png_free_data
                0x80048c18      0x548 c:/devkitPro/libogc/lib/wii\libpng.a(png.o)
                0x80048c18                png_free_data
 .text.png_zalloc
                0x80049160       0x80 c:/devkitPro/libogc/lib/wii\libpng.a(png.o)
                0x80049160                png_zalloc
 .text.png_info_init_3
                0x800491e0       0x5c c:/devkitPro/libogc/lib/wii\libpng.a(png.o)
                0x800491e0                png_info_init_3
 .text.png_info_destroy
                0x8004923c       0x68 c:/devkitPro/libogc/lib/wii\libpng.a(png.o)
                0x8004923c                png_info_destroy
 .text.png_create_info_struct
                0x800492a4       0x58 c:/devkitPro/libogc/lib/wii\libpng.a(png.o)
                0x800492a4                png_create_info_struct
 .text.png_calculate_crc
                0x800492fc       0x70 c:/devkitPro/libogc/lib/wii\libpng.a(png.o)
                0x800492fc                png_calculate_crc
 .text.png_reset_crc
                0x8004936c       0x3c c:/devkitPro/libogc/lib/wii\libpng.a(png.o)
                0x8004936c                png_reset_crc
 .text.png_set_error_fn
                0x800493a8       0x18 c:/devkitPro/libogc/lib/wii\libpng.a(pngerror.o)
                0x800493a8                png_set_error_fn
 .text.png_format_buffer
                0x800493c0      0x10c c:/devkitPro/libogc/lib/wii\libpng.a(pngerror.o)
 .text.png_warning
                0x800494cc      0x11c c:/devkitPro/libogc/lib/wii\libpng.a(pngerror.o)
                0x800494cc                png_warning
 .text.png_chunk_warning
                0x800495e8       0x50 c:/devkitPro/libogc/lib/wii\libpng.a(pngerror.o)
                0x800495e8                png_chunk_warning
 .text.png_error
                0x80049638      0x1d8 c:/devkitPro/libogc/lib/wii\libpng.a(pngerror.o)
                0x80049638                png_error
 .text.png_chunk_error
                0x80049810       0x50 c:/devkitPro/libogc/lib/wii\libpng.a(pngerror.o)
                0x80049810                png_chunk_error
 .text.png_get_valid
                0x80049860       0x24 c:/devkitPro/libogc/lib/wii\libpng.a(pngget.o)
                0x80049860                png_get_valid
 .text.png_set_mem_fn
                0x80049884       0x18 c:/devkitPro/libogc/lib/wii\libpng.a(pngmem.o)
                0x80049884                png_set_mem_fn
 .text.png_memset_check
                0x8004989c       0x2c c:/devkitPro/libogc/lib/wii\libpng.a(pngmem.o)
                0x8004989c                png_memset_check
 .text.png_memcpy_check
                0x800498c8       0x2c c:/devkitPro/libogc/lib/wii\libpng.a(pngmem.o)
                0x800498c8                png_memcpy_check
 .text.png_free_default
                0x800498f4       0x34 c:/devkitPro/libogc/lib/wii\libpng.a(pngmem.o)
                0x800498f4                png_free_default
 .text.png_free
                0x80049928       0x50 c:/devkitPro/libogc/lib/wii\libpng.a(pngmem.o)
                0x80049928                png_free
 .text.png_destroy_struct_2
                0x80049978       0x58 c:/devkitPro/libogc/lib/wii\libpng.a(pngmem.o)
                0x80049978                png_destroy_struct_2
 .text.png_destroy_struct
                0x800499d0        0xc c:/devkitPro/libogc/lib/wii\libpng.a(pngmem.o)
                0x800499d0                png_destroy_struct
 .text.png_malloc_default
                0x800499dc       0x48 c:/devkitPro/libogc/lib/wii\libpng.a(pngmem.o)
                0x800499dc                png_malloc_default
 .text.png_malloc
                0x80049a24       0x90 c:/devkitPro/libogc/lib/wii\libpng.a(pngmem.o)
                0x80049a24                png_malloc
 .text.png_malloc_warn
                0x80049ab4       0x54 c:/devkitPro/libogc/lib/wii\libpng.a(pngmem.o)
                0x80049ab4                png_malloc_warn
 .text.png_create_struct_2
                0x80049b08       0x98 c:/devkitPro/libogc/lib/wii\libpng.a(pngmem.o)
                0x80049b08                png_create_struct_2
 .text.png_create_struct
                0x80049ba0        0xc c:/devkitPro/libogc/lib/wii\libpng.a(pngmem.o)
                0x80049ba0                png_create_struct
 .text.png_read_destroy
                0x80049bac      0x2d8 c:/devkitPro/libogc/lib/wii\libpng.a(pngread.o)
                0x80049bac                png_read_destroy
 .text.png_destroy_read_struct
                0x80049e84      0x130 c:/devkitPro/libogc/lib/wii\libpng.a(pngread.o)
                0x80049e84                png_destroy_read_struct
 .text.png_read_row
                0x80049fb4      0x548 c:/devkitPro/libogc/lib/wii\libpng.a(pngread.o)
                0x80049fb4                png_read_row
 .text.png_read_image
                0x8004a4fc       0xc4 c:/devkitPro/libogc/lib/wii\libpng.a(pngread.o)
                0x8004a4fc                png_read_image
 .text.png_read_update_info
                0x8004a5c0       0x64 c:/devkitPro/libogc/lib/wii\libpng.a(pngread.o)
                0x8004a5c0                png_read_update_info
 .text.png_read_info
                0x8004a624      0x6a4 c:/devkitPro/libogc/lib/wii\libpng.a(pngread.o)
                0x8004a624                png_read_info
 .text.png_create_read_struct_2
                0x8004acc8      0x334 c:/devkitPro/libogc/lib/wii\libpng.a(pngread.o)
                0x8004acc8                png_create_read_struct_2
 .text.png_create_read_struct
                0x8004affc       0x10 c:/devkitPro/libogc/lib/wii\libpng.a(pngread.o)
                0x8004affc                png_create_read_struct
 .text.png_set_read_fn
                0x8004b00c       0x88 c:/devkitPro/libogc/lib/wii\libpng.a(pngrio.o)
                0x8004b00c                png_set_read_fn
 .text.png_default_read_data
                0x8004b094       0x60 c:/devkitPro/libogc/lib/wii\libpng.a(pngrio.o)
                0x8004b094                png_default_read_data
 .text.png_read_data
                0x8004b0f4       0x4c c:/devkitPro/libogc/lib/wii\libpng.a(pngrio.o)
                0x8004b0f4                png_read_data
 .text.png_set_palette_to_rgb
                0x8004b140       0x28 c:/devkitPro/libogc/lib/wii\libpng.a(pngrtran.o)
                0x8004b140                png_set_palette_to_rgb
 .text.png_set_tRNS_to_alpha
                0x8004b168       0x20 c:/devkitPro/libogc/lib/wii\libpng.a(pngrtran.o)
                0x8004b168                png_set_tRNS_to_alpha
 .text.png_read_transform_info
                0x8004b188      0x2dc c:/devkitPro/libogc/lib/wii\libpng.a(pngrtran.o)
                0x8004b188                png_read_transform_info
 .text.png_do_unpack
                0x8004b464      0x170 c:/devkitPro/libogc/lib/wii\libpng.a(pngrtran.o)
                0x8004b464                png_do_unpack
 .text.png_do_unshift
                0x8004b5d4      0x218 c:/devkitPro/libogc/lib/wii\libpng.a(pngrtran.o)
                0x8004b5d4                png_do_unshift
 .text.png_do_chop
                0x8004b7ec       0x98 c:/devkitPro/libogc/lib/wii\libpng.a(pngrtran.o)
                0x8004b7ec                png_do_chop
 .text.png_do_read_swap_alpha
                0x8004b884      0x130 c:/devkitPro/libogc/lib/wii\libpng.a(pngrtran.o)
                0x8004b884                png_do_read_swap_alpha
 .text.png_do_read_invert_alpha
                0x8004b9b4       0xf8 c:/devkitPro/libogc/lib/wii\libpng.a(pngrtran.o)
                0x8004b9b4                png_do_read_invert_alpha
 .text.png_do_read_filler
                0x8004baac      0x330 c:/devkitPro/libogc/lib/wii\libpng.a(pngrtran.o)
                0x8004baac                png_do_read_filler
 .text.png_do_gray_to_rgb
                0x8004bddc      0x1f0 c:/devkitPro/libogc/lib/wii\libpng.a(pngrtran.o)
                0x8004bddc                png_do_gray_to_rgb
 .text.png_do_rgb_to_gray
                0x8004bfcc      0x6b0 c:/devkitPro/libogc/lib/wii\libpng.a(pngrtran.o)
                0x8004bfcc                png_do_rgb_to_gray
 .text.png_do_gamma
                0x8004c67c      0x490 c:/devkitPro/libogc/lib/wii\libpng.a(pngrtran.o)
                0x8004c67c                png_do_gamma
 .text.png_do_expand_palette
                0x8004cb0c      0x2c8 c:/devkitPro/libogc/lib/wii\libpng.a(pngrtran.o)
                0x8004cb0c                png_do_expand_palette
 .text.png_do_expand
                0x8004cdd4      0x54c c:/devkitPro/libogc/lib/wii\libpng.a(pngrtran.o)
                0x8004cdd4                png_do_expand
 .text.png_do_dither
                0x8004d320      0x150 c:/devkitPro/libogc/lib/wii\libpng.a(pngrtran.o)
                0x8004d320                png_do_dither
 .text.png_do_read_intrapixel
                0x8004d470       0xf8 c:/devkitPro/libogc/lib/wii\libpng.a(pngrtran.o)
                0x8004d470                png_do_read_intrapixel
 .text.png_build_gamma_table
                0x8004d568      0x928 c:/devkitPro/libogc/lib/wii\libpng.a(pngrtran.o)
                0x8004d568                png_build_gamma_table
 .text.png_init_read_transformations
                0x8004de90      0xc64 c:/devkitPro/libogc/lib/wii\libpng.a(pngrtran.o)
                0x8004de90                png_init_read_transformations
 .text.png_do_background
                0x8004eaf4     0x11cc c:/devkitPro/libogc/lib/wii\libpng.a(pngrtran.o)
                0x8004eaf4                png_do_background
 .text.png_do_read_transformations
                0x8004fcc0      0x518 c:/devkitPro/libogc/lib/wii\libpng.a(pngrtran.o)
                0x8004fcc0                png_do_read_transformations
 .text.png_get_uint_32
                0x800501d8       0x2c c:/devkitPro/libogc/lib/wii\libpng.a(pngrutil.o)